45 games in group L
C:\Users\Oyash\Desktop\Kaggriculture\rl\data\l2\animals\games\L\ep113752646.json cached
C:\Users\Oyash\Desktop\Kaggriculture\rl\data\l2\animals\games\L\ep113753785.json cached
C:\Users\Oyash\Desktop\Kaggriculture\rl\data\l2\animals\games\L\ep113754905.json ok exact=True 10.8s
C:\Users\Oyash\Desktop\Kaggriculture\rl\data\l2\animals\games\L\ep113756099.json ok exact=True 12.1s
C:\Users\Oyash\Desktop\Kaggriculture\rl\data\l2\animals\games\L\ep113757272.json ok exact=True 11.9s
C:\Users\Oyash\Desktop\Kaggriculture\rl\data\l2\animals\games\L\ep113758502.json ok exact=True 11.6s
C:\Users\Oyash\Desktop\Kaggriculture\rl\data\l2\animals\games\L\ep113759748.json ok exact=True 11.9s
C:\Users\Oyash\Desktop\Kaggriculture\rl\data\l2\animals\games\L\ep113760765.json ok exact=True 11.5s
C:\Users\Oyash\Desktop\Kaggriculture\rl\data\l2\animals\games\L\ep113760891.json ok exact=True 9.3s
C:\Users\Oyash\Desktop\Kaggriculture\rl\data\l2\animals\games\L\ep113762087.json ok exact=True 10.2s
C:\Users\Oyash\Desktop\Kaggriculture\rl\data\l2\animals\games\L\ep113763293.json ok exact=True 12.1s
C:\Users\Oyash\Desktop\Kaggriculture\rl\data\l2\animals\games\L\ep113764451.json ok exact=True 14.5s
C:\Users\Oyash\Desktop\Kaggriculture\rl\data\l2\animals\games\L\ep113765799.json ok exact=True 11.6s
C:\Users\Oyash\Desktop\Kaggriculture\rl\data\l2\animals\games\L\ep113766842.json ok exact=True 13.1s
C:\Users\Oyash\Desktop\Kaggriculture\rl\data\l2\animals\games\L\ep113768043.json ok exact=True 11.3s
C:\Users\Oyash\Desktop\Kaggriculture\rl\data\l2\animals\games\L\ep113769200.json ok exact=True 13.0s
C:\Users\Oyash\Desktop\Kaggriculture\rl\data\l2\animals\games\L\ep113770411.json ok exact=True 14.4s
C:\Users\Oyash\Desktop\Kaggriculture\rl\data\l2\animals\games\L\ep113771597.json ok exact=True 17.2s
C:\Users\Oyash\Desktop\Kaggriculture\rl\data\l2\animals\games\L\ep113772781.json ok exact=True 16.7s
C:\Users\Oyash\Desktop\Kaggriculture\rl\data\l2\animals\games\L\ep113773955.json ok exact=True 18.5s
C:\Users\Oyash\Desktop\Kaggriculture\rl\data\l2\animals\games\L\ep113774961.json ok exact=True 18.4s
C:\Users\Oyash\Desktop\Kaggriculture\rl\data\l2\animals\games\L\ep113775134.json ok exact=True 15.2s
C:\Users\Oyash\Desktop\Kaggriculture\rl\data\l2\animals\games\L\ep113776152.json ok exact=True 14.0s
C:\Users\Oyash\Desktop\Kaggriculture\rl\data\l2\animals\games\L\ep113777522.json ok exact=True 16.1s
C:\Users\Oyash\Desktop\Kaggriculture\rl\data\l2\animals\games\L\ep113778705.json ok exact=True 13.7s
C:\Users\Oyash\Desktop\Kaggriculture\rl\data\l2\animals\games\L\ep113779855.json ok exact=True 15.4s
C:\Users\Oyash\Desktop\Kaggriculture\rl\data\l2\animals\games\L\ep113781086.json ok exact=True 15.0s
C:\Users\Oyash\Desktop\Kaggriculture\rl\data\l2\animals\games\L\ep113782475.json ok exact=True 13.0s
C:\Users\Oyash\Desktop\Kaggriculture\rl\data\l2\animals\games\L\ep113783430.json ok exact=True 12.4s
C:\Users\Oyash\Desktop\Kaggriculture\rl\data\l2\animals\games\L\ep113784596.json ok exact=True 10.3s
C:\Users\Oyash\Desktop\Kaggriculture\rl\data\l2\animals\games\L\ep113785781.json ok exact=True 15.9s
C:\Users\Oyash\Desktop\Kaggriculture\rl\data\l2\animals\games\L\ep113786922.json ok exact=True 15.4s
C:\Users\Oyash\Desktop\Kaggriculture\rl\data\l2\animals\games\L\ep113788110.json ok exact=True 16.5s
C:\Users\Oyash\Desktop\Kaggriculture\rl\data\l2\animals\games\L\ep113789410.json ok exact=True 17.6s
C:\Users\Oyash\Desktop\Kaggriculture\rl\data\l2\animals\games\L\ep113790469.json ok exact=True 17.6s
C:\Users\Oyash\Desktop\Kaggriculture\rl\data\l2\animals\games\L\ep113791648.json ok exact=True 16.2s
C:\Users\Oyash\Desktop\Kaggriculture\rl\data\l2\animals\games\L\ep113792823.json ok exact=True 10.9s
C:\Users\Oyash\Desktop\Kaggriculture\rl\data\l2\animals\games\L\ep113793997.json ok exact=True 17.4s
C:\Users\Oyash\Desktop\Kaggriculture\rl\data\l2\animals\games\L\ep113795126.json ok exact=True 14.5s
C:\Users\Oyash\Desktop\Kaggriculture\rl\data\l2\animals\games\L\ep113796641.json ok exact=True 14.7s
C:\Users\Oyash\Desktop\Kaggriculture\rl\data\l2\animals\games\L\ep113797534.json ok exact=True 18.5s
C:\Users\Oyash\Desktop\Kaggriculture\rl\data\l2\animals\games\L\ep113798721.json ok exact=True 17.3s
C:\Users\Oyash\Desktop\Kaggriculture\rl\data\l2\animals\games\L\ep113799911.json ok exact=True 17.7s
C:\Users\Oyash\Desktop\Kaggriculture\rl\data\l2\animals\games\L\ep113801262.json ok exact=True 13.9s
C:\Users\Oyash\Desktop\Kaggriculture\rl\data\l2\animals\games\L\ep113802345.json ok exact=True 14.4s
103 games in group A
C:\Users\Oyash\Desktop\Kaggriculture\rl\data\l2\animals\games\A\ep113591464.json ok exact=True 11.8s
C:\Users\Oyash\Desktop\Kaggriculture\rl\data\l2\animals\games\A\ep113592743.json ok exact=True 17.9s
C:\Users\Oyash\Desktop\Kaggriculture\rl\data\l2\animals\games\A\ep113593808.json ok exact=True 18.0s
C:\Users\Oyash\Desktop\Kaggriculture\rl\data\l2\animals\games\A\ep113594971.json ok exact=True 10.8s
C:\Users\Oyash\Desktop\Kaggriculture\rl\data\l2\animals\games\A\ep113596153.json ok exact=True 15.7s
C:\Users\Oyash\Desktop\Kaggriculture\rl\data\l2\animals\games\A\ep113597285.json ok exact=True 17.0s
C:\Users\Oyash\Desktop\Kaggriculture\rl\data\l2\animals\games\A\ep113598439.json ok exact=True 16.2s
C:\Users\Oyash\Desktop\Kaggriculture\rl\data\l2\animals\games\A\ep113599623.json ok exact=True 16.7s
C:\Users\Oyash\Desktop\Kaggriculture\rl\data\l2\animals\games\A\ep113600865.json ok exact=True 12.1s
C:\Users\Oyash\Desktop\Kaggriculture\rl\data\l2\animals\games\A\ep113602016.json ok exact=True 13.9s
C:\Users\Oyash\Desktop\Kaggriculture\rl\data\l2\animals\games\A\ep113602062.json ok exact=True 15.3s
C:\Users\Oyash\Desktop\Kaggriculture\rl\data\l2\animals\games\A\ep113603173.json ok exact=True 17.8s
C:\Users\Oyash\Desktop\Kaggriculture\rl\data\l2\animals\games\A\ep113604364.json ok exact=True 15.7s
C:\Users\Oyash\Desktop\Kaggriculture\rl\data\l2\animals\games\A\ep113605616.json ok exact=True 15.9s
C:\Users\Oyash\Desktop\Kaggriculture\rl\data\l2\animals\games\A\ep113606799.json ok exact=True 17.1s
C:\Users\Oyash\Desktop\Kaggriculture\rl\data\l2\animals\games\A\ep113607976.json ok exact=True 16.1s
C:\Users\Oyash\Desktop\Kaggriculture\rl\data\l2\animals\games\A\ep113608412.json ok exact=True 15.7s
C:\Users\Oyash\Desktop\Kaggriculture\rl\data\l2\animals\games\A\ep113609203.json ok exact=True 16.8s
C:\Users\Oyash\Desktop\Kaggriculture\rl\data\l2\animals\games\A\ep113610373.json ok exact=True 15.0s
C:\Users\Oyash\Desktop\Kaggriculture\rl\data\l2\animals\games\A\ep113611555.json ok exact=True 14.6s
C:\Users\Oyash\Desktop\Kaggriculture\rl\data\l2\animals\games\A\ep113612738.json ok exact=True 16.1s
C:\Users\Oyash\Desktop\Kaggriculture\rl\data\l2\animals\games\A\ep113613924.json ok exact=True 14.6s
C:\Users\Oyash\Desktop\Kaggriculture\rl\data\l2\animals\games\A\ep113615088.json ok exact=True 16.2s
C:\Users\Oyash\Desktop\Kaggriculture\rl\data\l2\animals\games\A\ep113616277.json ok exact=True 12.1s
C:\Users\Oyash\Desktop\Kaggriculture\rl\data\l2\animals\games\A\ep113617489.json ok exact=True 16.3s
C:\Users\Oyash\Desktop\Kaggriculture\rl\data\l2\animals\games\A\ep113618486.json ok exact=True 14.4s
C:\Users\Oyash\Desktop\Kaggriculture\rl\data\l2\animals\games\A\ep113619127.json ok exact=True 15.0s
C:\Users\Oyash\Desktop\Kaggriculture\rl\data\l2\animals\games\A\ep113619817.json ok exact=True 12.7s
C:\Users\Oyash\Desktop\Kaggriculture\rl\data\l2\animals\games\A\ep113621110.json ok exact=True 13.6s
C:\Users\Oyash\Desktop\Kaggriculture\rl\data\l2\animals\games\A\ep113621248.json ok exact=True 12.6s
C:\Users\Oyash\Desktop\Kaggriculture\rl\data\l2\animals\games\A\ep113622529.json ok exact=True 13.0s
C:\Users\Oyash\Desktop\Kaggriculture\rl\data\l2\animals\games\A\ep113622717.json ok exact=True 12.4s
C:\Users\Oyash\Desktop\Kaggriculture\rl\data\l2\animals\games\A\ep113623710.json ok exact=True 10.0s
C:\Users\Oyash\Desktop\Kaggriculture\rl\data\l2\animals\games\A\ep113624047.json ok exact=True 10.5s
C:\Users\Oyash\Desktop\Kaggriculture\rl\data\l2\animals\games\A\ep113625049.json ok exact=True 9.6s
C:\Users\Oyash\Desktop\Kaggriculture\rl\data\l2\animals\games\A\ep113626093.json ok exact=True 8.9s
C:\Users\Oyash\Desktop\Kaggriculture\rl\data\l2\animals\games\A\ep113627261.json ok exact=True 8.9s
C:\Users\Oyash\Desktop\Kaggriculture\rl\data\l2\animals\games\A\ep113627557.json ok exact=True 10.3s
C:\Users\Oyash\Desktop\Kaggriculture\rl\data\l2\animals\games\A\ep113628464.json ok exact=True 12.7s
C:\Users\Oyash\Desktop\Kaggriculture\rl\data\l2\animals\games\A\ep113629658.json ok exact=True 10.7s
C:\Users\Oyash\Desktop\Kaggriculture\rl\data\l2\animals\games\A\ep113630851.json ok exact=True 10.6s
C:\Users\Oyash\Desktop\Kaggriculture\rl\data\l2\animals\games\A\ep113632036.json ok exact=True 9.1s
C:\Users\Oyash\Desktop\Kaggriculture\rl\data\l2\animals\games\A\ep113632374.json ok exact=True 9.7s
C:\Users\Oyash\Desktop\Kaggriculture\rl\data\l2\animals\games\A\ep113632416.json ok exact=True 9.8s
C:\Users\Oyash\Desktop\Kaggriculture\rl\data\l2\animals\games\A\ep113633200.json ok exact=True 8.9s
C:\Users\Oyash\Desktop\Kaggriculture\rl\data\l2\animals\games\A\ep113634365.json ok exact=True 10.7s
C:\Users\Oyash\Desktop\Kaggriculture\rl\data\l2\animals\games\A\ep113635448.json ok exact=True 10.2s
C:\Users\Oyash\Desktop\Kaggriculture\rl\data\l2\animals\games\A\ep113636749.json ok exact=True 9.3s
C:\Users\Oyash\Desktop\Kaggriculture\rl\data\l2\animals\games\A\ep113637927.json ok exact=True 11.9s
C:\Users\Oyash\Desktop\Kaggriculture\rl\data\l2\animals\games\A\ep113638336.json ok exact=True 10.2s
C:\Users\Oyash\Desktop\Kaggriculture\rl\data\l2\animals\games\A\ep113639103.json ok exact=True 10.1s
C:\Users\Oyash\Desktop\Kaggriculture\rl\data\l2\animals\games\A\ep113640311.json ok exact=True 9.7s
C:\Users\Oyash\Desktop\Kaggriculture\rl\data\l2\animals\games\A\ep113641479.json ok exact=True 10.4s
C:\Users\Oyash\Desktop\Kaggriculture\rl\data\l2\animals\games\A\ep113642665.json ok exact=True 9.8s
C:\Users\Oyash\Desktop\Kaggriculture\rl\data\l2\animals\games\A\ep113643983.json ok exact=True 10.9s
C:\Users\Oyash\Desktop\Kaggriculture\rl\data\l2\animals\games\A\ep113644990.json ok exact=True 10.8s
C:\Users\Oyash\Desktop\Kaggriculture\rl\data\l2\animals\games\A\ep113646068.json ok exact=True 10.6s
C:\Users\Oyash\Desktop\Kaggriculture\rl\data\l2\animals\games\A\ep113647403.json ok exact=True 9.7s
C:\Users\Oyash\Desktop\Kaggriculture\rl\data\l2\animals\games\A\ep113648598.json ok exact=True 11.5s
C:\Users\Oyash\Desktop\Kaggriculture\rl\data\l2\animals\games\A\ep113649501.json ok exact=True 15.5s
C:\Users\Oyash\Desktop\Kaggriculture\rl\data\l2\animals\games\A\ep113650944.json ok exact=True 16.2s
C:\Users\Oyash\Desktop\Kaggriculture\rl\data\l2\animals\games\A\ep113651846.json ok exact=True 14.8s
C:\Users\Oyash\Desktop\Kaggriculture\rl\data\l2\animals\games\A\ep113653535.json ok exact=True 15.2s
C:\Users\Oyash\Desktop\Kaggriculture\rl\data\l2\animals\games\A\ep113654388.json ok exact=True 9.3s
C:\Users\Oyash\Desktop\Kaggriculture\rl\data\l2\animals\games\A\ep113655665.json ok exact=True 14.5s
C:\Users\Oyash\Desktop\Kaggriculture\rl\data\l2\animals\games\A\ep113656869.json ok exact=True 14.0s
C:\Users\Oyash\Desktop\Kaggriculture\rl\data\l2\animals\games\A\ep113658030.json ok exact=True 13.4s
C:\Users\Oyash\Desktop\Kaggriculture\rl\data\l2\animals\games\A\ep113659204.json ok exact=True 14.2s
C:\Users\Oyash\Desktop\Kaggriculture\rl\data\l2\animals\games\A\ep113660397.json ok exact=True 13.7s
C:\Users\Oyash\Desktop\Kaggriculture\rl\data\l2\animals\games\A\ep113661544.json ok exact=True 15.5s
C:\Users\Oyash\Desktop\Kaggriculture\rl\data\l2\animals\games\A\ep113662755.json ok exact=True 15.2s
C:\Users\Oyash\Desktop\Kaggriculture\rl\data\l2\animals\games\A\ep113664678.json ok exact=True 16.9s
C:\Users\Oyash\Desktop\Kaggriculture\rl\data\l2\animals\games\A\ep113669407.json ok exact=True 13.3s
C:\Users\Oyash\Desktop\Kaggriculture\rl\data\l2\animals\games\A\ep113670627.json ok exact=True 11.0s
C:\Users\Oyash\Desktop\Kaggriculture\rl\data\l2\animals\games\A\ep113671996.json ok exact=True 10.8s
C:\Users\Oyash\Desktop\Kaggriculture\rl\data\l2\animals\games\A\ep113679240.json ok exact=True 12.5s
C:\Users\Oyash\Desktop\Kaggriculture\rl\data\l2\animals\games\A\ep113686336.json ok exact=True 9.9s
C:\Users\Oyash\Desktop\Kaggriculture\rl\data\l2\animals\games\A\ep113686477.json ok exact=True 9.7s
C:\Users\Oyash\Desktop\Kaggriculture\rl\data\l2\animals\games\A\ep113694511.json ok exact=True 10.6s
C:\Users\Oyash\Desktop\Kaggriculture\rl\data\l2\animals\games\A\ep113697856.json ok exact=True 12.8s
C:\Users\Oyash\Desktop\Kaggriculture\rl\data\l2\animals\games\A\ep113705222.json ok exact=True 10.6s
C:\Users\Oyash\Desktop\Kaggriculture\rl\data\l2\animals\games\A\ep113713381.json ok exact=True 10.3s
C:\Users\Oyash\Desktop\Kaggriculture\rl\data\l2\animals\games\A\ep113717527.json ok exact=True 13.5s
C:\Users\Oyash\Desktop\Kaggriculture\rl\data\l2\animals\games\A\ep113721196.json ok exact=True 15.3s
C:\Users\Oyash\Desktop\Kaggriculture\rl\data\l2\animals\games\A\ep113722929.json ok exact=True 10.2s
C:\Users\Oyash\Desktop\Kaggriculture\rl\data\l2\animals\games\A\ep113724617.json ok exact=True 14.5s
C:\Users\Oyash\Desktop\Kaggriculture\rl\data\l2\animals\games\A\ep113732328.json ok exact=True 11.9s
C:\Users\Oyash\Desktop\Kaggriculture\rl\data\l2\animals\games\A\ep113734186.json ok exact=True 13.9s
C:\Users\Oyash\Desktop\Kaggriculture\rl\data\l2\animals\games\A\ep113742699.json ok exact=True 12.8s
C:\Users\Oyash\Desktop\Kaggriculture\rl\data\l2\animals\games\A\ep113750463.json ok exact=True 10.8s
C:\Users\Oyash\Desktop\Kaggriculture\rl\data\l2\animals\games\A\ep113751067.json ok exact=True 12.9s
C:\Users\Oyash\Desktop\Kaggriculture\rl\data\l2\animals\games\A\ep113751927.json ok exact=True 15.6s
C:\Users\Oyash\Desktop\Kaggriculture\rl\data\l2\animals\games\A\ep113757428.json ok exact=True 14.4s
C:\Users\Oyash\Desktop\Kaggriculture\rl\data\l2\animals\games\A\ep113759427.json ok exact=True 14.6s
C:\Users\Oyash\Desktop\Kaggriculture\rl\data\l2\animals\games\A\ep113768733.json ok exact=True 9.5s
C:\Users\Oyash\Desktop\Kaggriculture\rl\data\l2\animals\games\A\ep113772802.json ok exact=True 14.6s
C:\Users\Oyash\Desktop\Kaggriculture\rl\data\l2\animals\games\A\ep113773406.json ok exact=True 14.1s
C:\Users\Oyash\Desktop\Kaggriculture\rl\data\l2\animals\games\A\ep113773538.json ok exact=True 12.8s
C:\Users\Oyash\Desktop\Kaggriculture\rl\data\l2\animals\games\A\ep113780559.json ok exact=True 13.6s
C:\Users\Oyash\Desktop\Kaggriculture\rl\data\l2\animals\games\A\ep113789795.json ok exact=True 14.0s
C:\Users\Oyash\Desktop\Kaggriculture\rl\data\l2\animals\games\A\ep113792659.json ok exact=True 13.7s
C:\Users\Oyash\Desktop\Kaggriculture\rl\data\l2\animals\games\A\ep113797982.json ok exact=True 10.4s
C:\Users\Oyash\Desktop\Kaggriculture\rl\data\l2\animals\games\A\ep113799880.json ok exact=True 15.5s
