  120 games (15 pairs x 4 seeds x 2 seats) on 6 workers
Loading environment open_spiel_env failed: No module named 'pyspiel'
    live_J vs live_F                                 s11:    59,358 :   106,305  ['DONE', 'DONE']
Loading environment open_spiel_env failed: No module named 'pyspiel'
    live_J vs live_C2                                s11:    47,562 :    68,010  ['DONE', 'DONE']
    live_J vs live_C2                                s29:    65,746 :   103,726  ['DONE', 'DONE']
Loading environment open_spiel_env failed: No module named 'pyspiel'
Loading environment open_spiel_env failed: No module named 'pyspiel'
    live_J vs live_C2                                s97:    83,022 :   113,363  ['DONE', 'DONE']
Loading environment open_spiel_env failed: No module named 'pyspiel'
    live_J vs live_F                                 s29:    81,291 :   150,660  ['DONE', 'DONE']
Loading environment open_spiel_env failed: No module named 'pyspiel'
    live_J vs live_C2                                s53:    58,416 :    89,806  ['DONE', 'DONE']
Loading environment open_spiel_env failed: No module named 'pyspiel'
    live_J vs live_I                                 s29:    60,719 :   120,649  ['DONE', 'DONE']
    live_J vs live_I                                 s53:    55,897 :   102,041  ['DONE', 'DONE']
Loading environment open_spiel_env failed: No module named 'pyspiel'
    live_J vs live_I                                 s97:   117,246 :   151,171  ['DONE', 'DONE']
Loading environment open_spiel_env failed: No module named 'pyspiel'
Loading environment open_spiel_env failed: No module named 'pyspiel'
    live_J vs live_I                                 s11:    76,319 :   125,291  ['DONE', 'DONE']
Loading environment open_spiel_env failed: No module named 'pyspiel'
    live_J vs live_F                                 s53:   105,903 :   172,744  ['DONE', 'DONE']
Loading environment open_spiel_env failed: No module named 'pyspiel'
    live_J vs live_F                                 s97:    40,518 :   101,445  ['DONE', 'DONE']
Loading environment open_spiel_env failed: No module named 'pyspiel'
    live_J vs live_K                                 s29:    62,327 :   140,170  ['DONE', 'DONE']
Loading environment open_spiel_env failed: No module named 'pyspiel'
    live_J vs live_K                                 s53:    67,505 :   138,287  ['DONE', 'DONE']
Loading environment open_spiel_env failed: No module named 'pyspiel'
    live_J vs live_K                                 s97:    46,471 :    98,774  ['DONE', 'DONE']
Loading environment open_spiel_env failed: No module named 'pyspiel'
    live_J vs live_K                                 s11:    45,182 :    90,108  ['DONE', 'DONE']
Loading environment open_spiel_env failed: No module named 'pyspiel'
    live_J vs live_H2                                s29:    62,327 :   140,170  ['DONE', 'DONE']
    live_J vs live_H2                                s11:    45,182 :    90,108  ['DONE', 'DONE']
Loading environment open_spiel_env failed: No module named 'pyspiel'
Loading environment open_spiel_env failed: No module named 'pyspiel'
    live_C2 vs live_F                                s29:    85,015 :    93,756  ['DONE', 'DONE']
Loading environment open_spiel_env failed: No module named 'pyspiel'
    live_C2 vs live_F                                s97:    51,769 :    59,696  ['DONE', 'DONE']
Loading environment open_spiel_env failed: No module named 'pyspiel'
    live_C2 vs live_F                                s11:    65,757 :    73,891  ['DONE', 'DONE']
Loading environment open_spiel_env failed: No module named 'pyspiel'
    live_C2 vs live_F                                s53:    84,476 :   104,916  ['DONE', 'DONE']
    live_J vs live_H2                                s97:    46,471 :    98,774  ['DONE', 'DONE']
Loading environment open_spiel_env failed: No module named 'pyspiel'
Loading environment open_spiel_env failed: No module named 'pyspiel'
    live_J vs live_H2                                s53:    67,505 :   138,287  ['DONE', 'DONE']
Loading environment open_spiel_env failed: No module named 'pyspiel'
    live_C2 vs live_I                                s11:    55,877 :    73,935  ['DONE', 'DONE']
Loading environment open_spiel_env failed: No module named 'pyspiel'
    live_C2 vs live_I                                s29:    49,422 :    59,427  ['DONE', 'DONE']
Loading environment open_spiel_env failed: No module named 'pyspiel'
    live_C2 vs live_I                                s97:    73,321 :    83,754  ['DONE', 'DONE']
Loading environment open_spiel_env failed: No module named 'pyspiel'
    live_C2 vs live_I                                s53:    78,155 :    89,520  ['DONE', 'DONE']
Loading environment open_spiel_env failed: No module named 'pyspiel'
    live_C2 vs live_K                                s11:    56,055 :    73,113  ['DONE', 'DONE']
Loading environment open_spiel_env failed: No module named 'pyspiel'
    live_C2 vs live_K                                s29:    85,635 :   100,053  ['DONE', 'DONE']
Loading environment open_spiel_env failed: No module named 'pyspiel'
    live_C2 vs live_H2                               s11:    56,055 :    73,113  ['DONE', 'DONE']
Loading environment open_spiel_env failed: No module named 'pyspiel'
    live_C2 vs live_K                                s97:    45,999 :    61,785  ['DONE', 'DONE']
    live_C2 vs live_K                                s53:    85,180 :   128,352  ['DONE', 'DONE']
Loading environment open_spiel_env failed: No module named 'pyspiel'
Loading environment open_spiel_env failed: No module named 'pyspiel'
    live_C2 vs live_H2                               s29:    85,635 :   100,053  ['DONE', 'DONE']
Loading environment open_spiel_env failed: No module named 'pyspiel'
    live_C2 vs live_H2                               s97:    45,999 :    61,785  ['DONE', 'DONE']
Loading environment open_spiel_env failed: No module named 'pyspiel'
    live_C2 vs live_H2                               s53:    85,180 :   128,352  ['DONE', 'DONE']
Loading environment open_spiel_env failed: No module named 'pyspiel'
    live_F vs live_I                                 s11:    72,911 :    76,029  ['DONE', 'DONE']
    live_F vs live_I                                 s29:    80,354 :    71,858  ['DONE', 'DONE']
Loading environment open_spiel_env failed: No module named 'pyspiel'
Loading environment open_spiel_env failed: No module named 'pyspiel'
    live_F vs live_I                                 s53:    79,308 :    78,678  ['DONE', 'DONE']
Loading environment open_spiel_env failed: No module named 'pyspiel'
    live_F vs live_I                                 s97:    95,911 :    82,320  ['DONE', 'DONE']
Loading environment open_spiel_env failed: No module named 'pyspiel'
    live_F vs live_K                                 s11:    79,693 :   160,277  ['DONE', 'DONE']
Loading environment open_spiel_env failed: No module named 'pyspiel'
    live_F vs live_K                                 s29:    68,966 :   149,082  ['DONE', 'DONE']
Loading environment open_spiel_env failed: No module named 'pyspiel'
    live_F vs live_H2                                s11:    79,693 :   160,277  ['DONE', 'DONE']
Loading environment open_spiel_env failed: No module named 'pyspiel'
    live_F vs live_K                                 s53:    95,249 :   169,413  ['DONE', 'DONE']
Loading environment open_spiel_env failed: No module named 'pyspiel'
    live_F vs live_K                                 s97:    81,292 :   136,445  ['DONE', 'DONE']
Loading environment open_spiel_env failed: No module named 'pyspiel'
    live_F vs live_H2                                s29:    68,966 :   149,082  ['DONE', 'DONE']
Loading environment open_spiel_env failed: No module named 'pyspiel'
    live_F vs live_H2                                s53:    95,249 :   169,413  ['DONE', 'DONE']
Loading environment open_spiel_env failed: No module named 'pyspiel'
    live_F vs live_H2                                s97:    81,292 :   136,445  ['DONE', 'DONE']
Loading environment open_spiel_env failed: No module named 'pyspiel'
    live_I vs live_K                                 s11:    99,560 :    96,713  ['DONE', 'DONE']
Loading environment open_spiel_env failed: No module named 'pyspiel'
    live_I vs live_K                                 s29:    94,961 :   101,373  ['DONE', 'DONE']
Loading environment open_spiel_env failed: No module named 'pyspiel'
    live_I vs live_K                                 s53:    98,142 :    99,291  ['DONE', 'DONE']
Loading environment open_spiel_env failed: No module named 'pyspiel'
    live_I vs live_K                                 s97:    87,295 :    88,446  ['DONE', 'DONE']
Loading environment open_spiel_env failed: No module named 'pyspiel'
    live_I vs live_H2                                s11:    99,560 :    96,713  ['DONE', 'DONE']
Loading environment open_spiel_env failed: No module named 'pyspiel'
    live_I vs live_H2                                s29:    94,961 :   101,373  ['DONE', 'DONE']
Loading environment open_spiel_env failed: No module named 'pyspiel'
    live_K vs live_H2                                s11:    79,895 :    80,714  ['DONE', 'DONE']
Loading environment open_spiel_env failed: No module named 'pyspiel'
    live_I vs live_H2                                s53:    98,142 :    99,291  ['DONE', 'DONE']
Loading environment open_spiel_env failed: No module named 'pyspiel'
    live_I vs live_H2                                s97:    87,295 :    88,446  ['DONE', 'DONE']
Loading environment open_spiel_env failed: No module named 'pyspiel'
    live_K vs live_H2                                s29:    95,370 :    95,370  ['DONE', 'DONE']
Loading environment open_spiel_env failed: No module named 'pyspiel'
    live_K vs live_H2                                s53:    76,032 :    76,032  ['DONE', 'DONE']
Loading environment open_spiel_env failed: No module named 'pyspiel'
    live_K vs live_H2                                s97:    57,058 :    57,058  ['DONE', 'DONE']
    live_C2 vs live_J                                s11:    91,769 :    54,369  ['DONE', 'DONE']
Loading environment open_spiel_env failed: No module named 'pyspiel'
Loading environment open_spiel_env failed: No module named 'pyspiel'
    live_C2 vs live_J                                s29:   103,726 :    65,746  ['DONE', 'DONE']
Loading environment open_spiel_env failed: No module named 'pyspiel'
    live_C2 vs live_J                                s53:    89,806 :    58,416  ['DONE', 'DONE']
Loading environment open_spiel_env failed: No module named 'pyspiel'
    live_F vs live_J                                 s11:   121,108 :    97,123  ['DONE', 'DONE']
Loading environment open_spiel_env failed: No module named 'pyspiel'
    live_C2 vs live_J                                s97:   113,363 :    83,022  ['DONE', 'DONE']
    live_F vs live_J                                 s29:   150,428 :    78,040  ['DONE', 'DONE']
Loading environment open_spiel_env failed: No module named 'pyspiel'
Loading environment open_spiel_env failed: No module named 'pyspiel'
    live_I vs live_J                                 s11:   123,044 :    84,130  ['DONE', 'DONE']
Loading environment open_spiel_env failed: No module named 'pyspiel'
    live_I vs live_J                                 s29:   116,105 :    54,291  ['DONE', 'DONE']
Loading environment open_spiel_env failed: No module named 'pyspiel'
    live_F vs live_J                                 s53:   172,744 :   105,903  ['DONE', 'DONE']
Loading environment open_spiel_env failed: No module named 'pyspiel'
    live_F vs live_J                                 s97:   101,445 :    40,518  ['DONE', 'DONE']
Loading environment open_spiel_env failed: No module named 'pyspiel'
    live_I vs live_J                                 s53:   102,041 :    55,897  ['DONE', 'DONE']
    live_I vs live_J                                 s97:   151,651 :   116,861  ['DONE', 'DONE']
Loading environment open_spiel_env failed: No module named 'pyspiel'
Loading environment open_spiel_env failed: No module named 'pyspiel'
    live_K vs live_J                                 s11:    93,345 :    47,842  ['DONE', 'DONE']
Loading environment open_spiel_env failed: No module named 'pyspiel'
    live_K vs live_J                                 s29:   136,099 :    65,519  ['DONE', 'DONE']
Loading environment open_spiel_env failed: No module named 'pyspiel'
    live_K vs live_J                                 s53:   138,287 :    67,505  ['DONE', 'DONE']
Loading environment open_spiel_env failed: No module named 'pyspiel'
    live_K vs live_J                                 s97:    98,774 :    46,471  ['DONE', 'DONE']
Loading environment open_spiel_env failed: No module named 'pyspiel'
    live_H2 vs live_J                                s11:    93,345 :    47,842  ['DONE', 'DONE']
    live_H2 vs live_J                                s29:   136,099 :    65,519  ['DONE', 'DONE']
Loading environment open_spiel_env failed: No module named 'pyspiel'
Loading environment open_spiel_env failed: No module named 'pyspiel'
    live_F vs live_C2                                s11:    73,106 :    66,408  ['DONE', 'DONE']
Loading environment open_spiel_env failed: No module named 'pyspiel'
    live_F vs live_C2                                s29:    93,756 :    85,015  ['DONE', 'DONE']
Loading environment open_spiel_env failed: No module named 'pyspiel'
    live_F vs live_C2                                s53:   104,916 :    84,476  ['DONE', 'DONE']
    live_H2 vs live_J                                s97:    98,774 :    46,471  ['DONE', 'DONE']
Loading environment open_spiel_env failed: No module named 'pyspiel'
    live_H2 vs live_J                                s53:   138,287 :    67,505  ['DONE', 'DONE']
Loading environment open_spiel_env failed: No module named 'pyspiel'
Loading environment open_spiel_env failed: No module named 'pyspiel'
    live_F vs live_C2                                s97:    59,696 :    51,769  ['DONE', 'DONE']
Loading environment open_spiel_env failed: No module named 'pyspiel'
    live_I vs live_C2                                s11:    73,135 :    60,832  ['DONE', 'DONE']
Loading environment open_spiel_env failed: No module named 'pyspiel'
    live_I vs live_C2                                s53:    89,520 :    78,155  ['DONE', 'DONE']
Loading environment open_spiel_env failed: No module named 'pyspiel'
    live_I vs live_C2                                s29:    59,427 :    49,422  ['DONE', 'DONE']
Loading environment open_spiel_env failed: No module named 'pyspiel'
    live_I vs live_C2                                s97:    83,754 :    73,321  ['DONE', 'DONE']
Loading environment open_spiel_env failed: No module named 'pyspiel'
    live_K vs live_C2                                s11:    72,523 :    56,735  ['DONE', 'DONE']
Loading environment open_spiel_env failed: No module named 'pyspiel'
    live_K vs live_C2                                s29:   100,053 :    85,635  ['DONE', 'DONE']
Loading environment open_spiel_env failed: No module named 'pyspiel'
    live_K vs live_C2                                s97:    61,785 :    45,999  ['DONE', 'DONE']
    live_H2 vs live_C2                               s11:    72,523 :    56,735  ['DONE', 'DONE']
Loading environment open_spiel_env failed: No module named 'pyspiel'
Loading environment open_spiel_env failed: No module named 'pyspiel'
    live_H2 vs live_C2                               s29:   100,053 :    85,635  ['DONE', 'DONE']
Loading environment open_spiel_env failed: No module named 'pyspiel'
    live_K vs live_C2                                s53:   128,352 :    85,180  ['DONE', 'DONE']
    live_H2 vs live_C2                               s53:   128,352 :    85,180  ['DONE', 'DONE']
Loading environment open_spiel_env failed: No module named 'pyspiel'
Loading environment open_spiel_env failed: No module named 'pyspiel'
    live_H2 vs live_C2                               s97:    61,785 :    45,999  ['DONE', 'DONE']
Loading environment open_spiel_env failed: No module named 'pyspiel'
    live_I vs live_F                                 s11:    69,528 :    71,612  ['DONE', 'DONE']
Loading environment open_spiel_env failed: No module named 'pyspiel'
    live_I vs live_F                                 s29:    71,858 :    80,354  ['DONE', 'DONE']
    live_I vs live_F                                 s53:    78,678 :    79,308  ['DONE', 'DONE']
Loading environment open_spiel_env failed: No module named 'pyspiel'
Loading environment open_spiel_env failed: No module named 'pyspiel'
    live_I vs live_F                                 s97:    82,320 :    95,911  ['DONE', 'DONE']
Loading environment open_spiel_env failed: No module named 'pyspiel'
    live_K vs live_F                                 s11:   112,885 :    61,867  ['DONE', 'DONE']
    live_K vs live_F                                 s29:   149,082 :    68,966  ['DONE', 'DONE']
Loading environment open_spiel_env failed: No module named 'pyspiel'
Loading environment open_spiel_env failed: No module named 'pyspiel'
    live_K vs live_F                                 s97:   136,445 :    81,292  ['DONE', 'DONE']
Loading environment open_spiel_env failed: No module named 'pyspiel'
    live_K vs live_F                                 s53:   169,413 :    95,249  ['DONE', 'DONE']
Loading environment open_spiel_env failed: No module named 'pyspiel'
    live_H2 vs live_F                                s11:   112,885 :    61,867  ['DONE', 'DONE']
    live_H2 vs live_F                                s29:   149,082 :    68,966  ['DONE', 'DONE']
Loading environment open_spiel_env failed: No module named 'pyspiel'
Loading environment open_spiel_env failed: No module named 'pyspiel'
    live_H2 vs live_F                                s53:   169,413 :    95,249  ['DONE', 'DONE']
Loading environment open_spiel_env failed: No module named 'pyspiel'
    live_H2 vs live_F                                s97:   136,445 :    81,292  ['DONE', 'DONE']
Loading environment open_spiel_env failed: No module named 'pyspiel'
    live_K vs live_I                                 s11:    96,507 :    99,653  ['DONE', 'DONE']
Loading environment open_spiel_env failed: No module named 'pyspiel'
    live_K vs live_I                                 s29:   101,373 :    94,961  ['DONE', 'DONE']
Loading environment open_spiel_env failed: No module named 'pyspiel'
    live_K vs live_I                                 s53:    99,291 :    98,142  ['DONE', 'DONE']
    live_K vs live_I                                 s97:    88,446 :    87,295  ['DONE', 'DONE']
Loading environment open_spiel_env failed: No module named 'pyspiel'
Loading environment open_spiel_env failed: No module named 'pyspiel'
    live_H2 vs live_I                                s11:    96,507 :    99,653  ['DONE', 'DONE']
Loading environment open_spiel_env failed: No module named 'pyspiel'
    live_H2 vs live_I                                s29:   101,373 :    94,961  ['DONE', 'DONE']
    live_H2 vs live_I                                s53:    99,291 :    98,142  ['DONE', 'DONE']
Loading environment open_spiel_env failed: No module named 'pyspiel'
    live_H2 vs live_I                                s97:    88,446 :    87,295  ['DONE', 'DONE']
Loading environment open_spiel_env failed: No module named 'pyspiel'
Loading environment open_spiel_env failed: No module named 'pyspiel'
    live_H2 vs live_K                                s11:    79,895 :    80,714  ['DONE', 'DONE']
Loading environment open_spiel_env failed: No module named 'pyspiel'
    live_H2 vs live_K                                s29:    95,370 :    95,370  ['DONE', 'DONE']
Loading environment open_spiel_env failed: No module named 'pyspiel'
    live_H2 vs live_K                                s53:    76,032 :    76,032  ['DONE', 'DONE']
Loading environment open_spiel_env failed: No module named 'pyspiel'
    live_H2 vs live_K                                s97:    57,058 :    57,058  ['DONE', 'DONE']

  standings (this tourney):
   1. live_H2                         31/40    78%  mean   105,797  margin   +30,663  errors 0
   2. live_K                          31/40    78%  mean   105,797  margin   +30,663  errors 0
   3. live_F                          23/40    57%  mean    91,536  margin   -12,482  errors 0
   4. live_I                          21/40    52%  mean    93,394  margin    +9,933  errors 0
   5. live_C2                          8/40    20%  mean    73,990  margin    -7,124  errors 0
   6. live_J                           0/40     0%  mean    66,099  margin   -51,654  errors 0
rors 0
