  skipping 96 games already stored
  128 games (28 pairs x 4 seeds x 2 seats) on 7 workers
Loading environment open_spiel_env failed: No module named 'pyspiel'
    L_front vs A                                     s97:    60,742 :    60,561  ['DONE', 'DONE']
Loading environment open_spiel_env failed: No module named 'pyspiel'
    L_front vs A                                     s29:    94,815 :    93,762  ['DONE', 'DONE']
Loading environment open_spiel_env failed: No module named 'pyspiel'
    L_front vs nb_haideptry_shepherds                s29:    96,129 :    92,625  ['DONE', 'DONE']
Loading environment open_spiel_env failed: No module named 'pyspiel'
    L_front vs A                                     s53:    78,062 :    77,801  ['DONE', 'DONE']
Loading environment open_spiel_env failed: No module named 'pyspiel'
    L_front vs A                                     s11:    81,590 :    82,101  ['DONE', 'DONE']
Loading environment open_spiel_env failed: No module named 'pyspiel'
    L_front vs nb_haideptry_shepherds                s53:    80,254 :    72,869  ['DONE', 'DONE']
Loading environment open_spiel_env failed: No module named 'pyspiel'
    L_front vs nb_haideptry_shepherds                s11:    80,898 :    81,368  ['DONE', 'DONE']
Loading environment open_spiel_env failed: No module named 'pyspiel'
    L_front vs nb_haideptry_2965                     s97:    60,548 :    60,285  ['DONE', 'DONE']
Loading environment open_spiel_env failed: No module named 'pyspiel'
    L_front vs nb_haideptry_2965                     s29:    97,528 :    93,720  ['DONE', 'DONE']
Loading environment open_spiel_env failed: No module named 'pyspiel'
    L_front vs nb_haideptry_shepherds                s97:    62,483 :    60,432  ['DONE', 'DONE']
Loading environment open_spiel_env failed: No module named 'pyspiel'
    L_front vs nb_haideptry_2965                     s11:    80,512 :    81,160  ['DONE', 'DONE']
Loading environment open_spiel_env failed: No module named 'pyspiel'
    L_front vs nb_haideptry_2965                     s53:    80,568 :    72,707  ['DONE', 'DONE']
Loading environment open_spiel_env failed: No module named 'pyspiel'
    L_front vs nb_leoprovorov_forecast               s29:    96,129 :    92,625  ['DONE', 'DONE']
Loading environment open_spiel_env failed: No module named 'pyspiel'
    L_front vs nb_leoprovorov_forecast               s11:    80,591 :    81,075  ['DONE', 'DONE']
Loading environment open_spiel_env failed: No module named 'pyspiel'
    L_front vs nb_leoprovorov_forecast               s97:    62,084 :    59,878  ['DONE', 'DONE']
Loading environment open_spiel_env failed: No module named 'pyspiel'
    L_front vs nb_leoprovorov_forecast               s53:    80,276 :    72,885  ['DONE', 'DONE']
Loading environment open_spiel_env failed: No module named 'pyspiel'
    L_front vs nb_dmitrii_herdsafe_2700              s11:    80,812 :    80,862  ['DONE', 'DONE']
Loading environment open_spiel_env failed: No module named 'pyspiel'
    L_front vs nb_dmitrii_herdsafe_2700              s97:    61,869 :    59,560  ['DONE', 'DONE']
Loading environment open_spiel_env failed: No module named 'pyspiel'
    L_front vs nb_ahmed_v55                          s11:    80,977 :    80,794  ['DONE', 'DONE']
    L_front vs nb_dmitrii_herdsafe_2700              s29:    96,213 :    92,379  ['DONE', 'DONE']
Loading environment open_spiel_env failed: No module named 'pyspiel'
Loading environment open_spiel_env failed: No module named 'pyspiel'
    L_front vs nb_dmitrii_herdsafe_2700              s53:    80,640 :    72,567  ['DONE', 'DONE']
Loading environment open_spiel_env failed: No module named 'pyspiel'
    L_front vs live_H2                               s29:    99,278 :    92,456  ['DONE', 'DONE']
Loading environment open_spiel_env failed: No module named 'pyspiel'
    L_front vs live_H2                               s97:    59,822 :    52,607  ['DONE', 'DONE']
Loading environment open_spiel_env failed: No module named 'pyspiel'
    L_front vs live_H2                               s11:    81,041 :    78,926  ['DONE', 'DONE']
Loading environment open_spiel_env failed: No module named 'pyspiel'
    L_front vs live_H2                               s53:    78,816 :    72,379  ['DONE', 'DONE']
Loading environment open_spiel_env failed: No module named 'pyspiel'
    L_front vs nb_ahmed_v55                          s97:    61,574 :    59,427  ['DONE', 'DONE']
Loading environment open_spiel_env failed: No module named 'pyspiel'
    L_front vs nb_ahmed_v55                          s29:    97,613 :    92,928  ['DONE', 'DONE']
    L_front vs nb_ahmed_v55                          s53:    81,044 :    72,817  ['DONE', 'DONE']
Loading environment open_spiel_env failed: No module named 'pyspiel'
Loading environment open_spiel_env failed: No module named 'pyspiel'
    A vs nb_haideptry_shepherds                      s11:    80,820 :    81,484  ['DONE', 'DONE']
Loading environment open_spiel_env failed: No module named 'pyspiel'
    A vs nb_haideptry_shepherds                      s29:    95,587 :    93,027  ['DONE', 'DONE']
Loading environment open_spiel_env failed: No module named 'pyspiel'
    A vs nb_haideptry_shepherds                      s97:    62,328 :    60,444  ['DONE', 'DONE']
    A vs nb_haideptry_shepherds                      s53:    80,179 :    72,955  ['DONE', 'DONE']
Loading environment open_spiel_env failed: No module named 'pyspiel'
Loading environment open_spiel_env failed: No module named 'pyspiel'
    A vs nb_haideptry_2965                           s11:    80,291 :    81,172  ['DONE', 'DONE']
Loading environment open_spiel_env failed: No module named 'pyspiel'
    A vs nb_haideptry_2965                           s29:    96,969 :    93,950  ['DONE', 'DONE']
Loading environment open_spiel_env failed: No module named 'pyspiel'
    A vs nb_haideptry_2965                           s53:    80,492 :    72,756  ['DONE', 'DONE']
Loading environment open_spiel_env failed: No module named 'pyspiel'
    A vs nb_haideptry_2965                           s97:    60,620 :    60,542  ['DONE', 'DONE']
Loading environment open_spiel_env failed: No module named 'pyspiel'
    A vs nb_leoprovorov_forecast                     s29:    95,597 :    93,014  ['DONE', 'DONE']
Loading environment open_spiel_env failed: No module named 'pyspiel'
    A vs nb_leoprovorov_forecast                     s53:    80,200 :    72,971  ['DONE', 'DONE']
Loading environment open_spiel_env failed: No module named 'pyspiel'
    A vs nb_leoprovorov_forecast                     s11:    80,511 :    81,193  ['DONE', 'DONE']
Loading environment open_spiel_env failed: No module named 'pyspiel'
    A vs nb_leoprovorov_forecast                     s97:    62,085 :    60,128  ['DONE', 'DONE']
Loading environment open_spiel_env failed: No module named 'pyspiel'
    A vs nb_dmitrii_herdsafe_2700                    s11:    80,732 :    80,979  ['DONE', 'DONE']
Loading environment open_spiel_env failed: No module named 'pyspiel'
    A vs nb_dmitrii_herdsafe_2700                    s29:    95,677 :    92,714  ['DONE', 'DONE']
Loading environment open_spiel_env failed: No module named 'pyspiel'
    A vs nb_dmitrii_herdsafe_2700                    s53:    80,587 :    72,667  ['DONE', 'DONE']
Loading environment open_spiel_env failed: No module named 'pyspiel'
    A vs nb_dmitrii_herdsafe_2700                    s97:    61,882 :    59,799  ['DONE', 'DONE']
Loading environment open_spiel_env failed: No module named 'pyspiel'
    A vs live_H2                                     s11:    81,004 :    78,994  ['DONE', 'DONE']
Loading environment open_spiel_env failed: No module named 'pyspiel'
    A vs nb_ahmed_v55                                s29:    97,020 :    93,205  ['DONE', 'DONE']
Loading environment open_spiel_env failed: No module named 'pyspiel'
    A vs nb_ahmed_v55                                s97:    61,674 :    59,810  ['DONE', 'DONE']
Loading environment open_spiel_env failed: No module named 'pyspiel'
    A vs nb_ahmed_v55                                s11:    80,912 :    80,888  ['DONE', 'DONE']
Loading environment open_spiel_env failed: No module named 'pyspiel'
    A vs nb_ahmed_v55                                s53:    80,963 :    72,899  ['DONE', 'DONE']
Loading environment open_spiel_env failed: No module named 'pyspiel'
    A vs live_H2                                     s97:    59,938 :    52,592  ['DONE', 'DONE']
Loading environment open_spiel_env failed: No module named 'pyspiel'
    A vs live_H2                                     s29:    98,857 :    92,878  ['DONE', 'DONE']
    A vs live_H2                                     s53:    78,798 :    72,399  ['DONE', 'DONE']
Loading environment open_spiel_env failed: No module named 'pyspiel'
Loading environment open_spiel_env failed: No module named 'pyspiel'
    nb_haideptry_shepherds vs live_H2                s29:    98,074 :    93,848  ['DONE', 'DONE']
    nb_haideptry_shepherds vs live_H2                s53:    78,986 :    72,607  ['DONE', 'DONE']
Loading environment open_spiel_env failed: No module named 'pyspiel'
Loading environment open_spiel_env failed: No module named 'pyspiel'
    nb_haideptry_shepherds vs live_H2                s97:    61,176 :    53,514  ['DONE', 'DONE']
Loading environment open_spiel_env failed: No module named 'pyspiel'
    nb_haideptry_shepherds vs live_H2                s11:    81,865 :    79,449  ['DONE', 'DONE']
Loading environment open_spiel_env failed: No module named 'pyspiel'
    nb_dmitrii_herdsafe_2700 vs live_H2              s29:    97,912 :    93,880  ['DONE', 'DONE']
    nb_dmitrii_herdsafe_2700 vs live_H2              s11:    82,074 :    79,473  ['DONE', 'DONE']
Loading environment open_spiel_env failed: No module named 'pyspiel'
Loading environment open_spiel_env failed: No module named 'pyspiel'
    nb_dmitrii_herdsafe_2700 vs live_H2              s53:    78,963 :    72,706  ['DONE', 'DONE']
    nb_dmitrii_herdsafe_2700 vs live_H2              s97:    60,966 :    53,516  ['DONE', 'DONE']
Loading environment open_spiel_env failed: No module named 'pyspiel'
Loading environment open_spiel_env failed: No module named 'pyspiel'
    nb_ahmed_v55 vs live_H2                          s29:    99,847 :    96,882  ['DONE', 'DONE']
Loading environment open_spiel_env failed: No module named 'pyspiel'
    nb_ahmed_v55 vs live_H2                          s11:   103,557 :    99,920  ['DONE', 'DONE']
Loading environment open_spiel_env failed: No module named 'pyspiel'
    nb_ahmed_v55 vs live_H2                          s53:    92,986 :    87,378  ['DONE', 'DONE']
Loading environment open_spiel_env failed: No module named 'pyspiel'
    nb_ahmed_v55 vs live_H2                          s97:    84,286 :    73,606  ['DONE', 'DONE']
Loading environment open_spiel_env failed: No module named 'pyspiel'
    A vs L_front                                     s97:    60,561 :    60,742  ['DONE', 'DONE']
    A vs L_front                                     s11:    81,388 :    82,321  ['DONE', 'DONE']
Loading environment open_spiel_env failed: No module named 'pyspiel'
    A vs L_front                                     s29:    93,762 :    94,815  ['DONE', 'DONE']Loading environment open_spiel_env failed: No module named 'pyspiel'

Loading environment open_spiel_env failed: No module named 'pyspiel'
    A vs L_front                                     s53:    77,801 :    78,062  ['DONE', 'DONE']
Loading environment open_spiel_env failed: No module named 'pyspiel'
    nb_haideptry_shepherds vs L_front                s11:    80,587 :    81,597  ['DONE', 'DONE']
Loading environment open_spiel_env failed: No module named 'pyspiel'
    nb_haideptry_shepherds vs L_front                s29:    92,625 :    96,129  ['DONE', 'DONE']
Loading environment open_spiel_env failed: No module named 'pyspiel'
    nb_haideptry_shepherds vs L_front                s53:    72,869 :    80,254  ['DONE', 'DONE']
Loading environment open_spiel_env failed: No module named 'pyspiel'
    nb_haideptry_shepherds vs L_front                s97:    60,432 :    62,483  ['DONE', 'DONE']
Loading environment open_spiel_env failed: No module named 'pyspiel'
    nb_haideptry_2965 vs L_front                     s29:    93,720 :    97,528  ['DONE', 'DONE']
Loading environment open_spiel_env failed: No module named 'pyspiel'
    nb_haideptry_2965 vs L_front                     s11:    80,591 :    81,432  ['DONE', 'DONE']
Loading environment open_spiel_env failed: No module named 'pyspiel'
    nb_haideptry_2965 vs L_front                     s97:    60,285 :    60,548  ['DONE', 'DONE']
Loading environment open_spiel_env failed: No module named 'pyspiel'
    nb_haideptry_2965 vs L_front                     s53:    72,707 :    80,568  ['DONE', 'DONE']
    nb_leoprovorov_forecast vs L_front               s11:    80,486 :    81,512  ['DONE', 'DONE']
Loading environment open_spiel_env failed: No module named 'pyspiel'
Loading environment open_spiel_env failed: No module named 'pyspiel'
    nb_leoprovorov_forecast vs L_front               s29:    92,625 :    96,129  ['DONE', 'DONE']
Loading environment open_spiel_env failed: No module named 'pyspiel'
    nb_leoprovorov_forecast vs L_front               s97:    59,878 :    62,084  ['DONE', 'DONE']
Loading environment open_spiel_env failed: No module named 'pyspiel'
    nb_dmitrii_herdsafe_2700 vs L_front              s11:    80,273 :    81,733  ['DONE', 'DONE']
Loading environment open_spiel_env failed: No module named 'pyspiel'
    nb_leoprovorov_forecast vs L_front               s53:    72,885 :    80,276  ['DONE', 'DONE']
Loading environment open_spiel_env failed: No module named 'pyspiel'
    nb_dmitrii_herdsafe_2700 vs L_front              s29:    92,379 :    96,213  ['DONE', 'DONE']
    nb_dmitrii_herdsafe_2700 vs L_front              s53:    72,567 :    80,640  ['DONE', 'DONE']Loading environment open_spiel_env failed: No module named 'pyspiel'

    nb_dmitrii_herdsafe_2700 vs L_front              s97:    59,560 :    61,869  ['DONE', 'DONE']
Loading environment open_spiel_env failed: No module named 'pyspiel'
Loading environment open_spiel_env failed: No module named 'pyspiel'
    nb_ahmed_v55 vs L_front                          s11:    80,200 :    81,881  ['DONE', 'DONE']
Loading environment open_spiel_env failed: No module named 'pyspiel'
    nb_ahmed_v55 vs L_front                          s29:    92,928 :    97,613  ['DONE', 'DONE']
Loading environment open_spiel_env failed: No module named 'pyspiel'
    live_H2 vs L_front                               s11:    78,149 :    81,863  ['DONE', 'DONE']
Loading environment open_spiel_env failed: No module named 'pyspiel'
    live_H2 vs L_front                               s29:    92,456 :    99,278  ['DONE', 'DONE']
Loading environment open_spiel_env failed: No module named 'pyspiel'
    nb_ahmed_v55 vs L_front                          s97:    59,427 :    61,574  ['DONE', 'DONE']
    nb_ahmed_v55 vs L_front                          s53:    72,817 :    81,044  ['DONE', 'DONE']
Loading environment open_spiel_env failed: No module named 'pyspiel'
    live_H2 vs L_front                               s53:    72,379 :    78,816  ['DONE', 'DONE']
Loading environment open_spiel_env failed: No module named 'pyspiel'
Loading environment open_spiel_env failed: No module named 'pyspiel'
    live_H2 vs L_front                               s97:    52,607 :    59,822  ['DONE', 'DONE']
Loading environment open_spiel_env failed: No module named 'pyspiel'
    nb_haideptry_shepherds vs A                      s29:    93,027 :    95,587  ['DONE', 'DONE']
Loading environment open_spiel_env failed: No module named 'pyspiel'
    nb_haideptry_shepherds vs A                      s11:    80,703 :    81,518  ['DONE', 'DONE']
Loading environment open_spiel_env failed: No module named 'pyspiel'
    nb_haideptry_shepherds vs A                      s97:    60,444 :    62,328  ['DONE', 'DONE']
    nb_haideptry_shepherds vs A                      s53:    72,955 :    80,179  ['DONE', 'DONE']
Loading environment open_spiel_env failed: No module named 'pyspiel'
Loading environment open_spiel_env failed: No module named 'pyspiel'
    nb_haideptry_2965 vs A                           s11:    80,606 :    81,212  ['DONE', 'DONE']
    nb_haideptry_2965 vs A                           s29:    93,950 :    96,969  ['DONE', 'DONE']
Loading environment open_spiel_env failed: No module named 'pyspiel'
Loading environment open_spiel_env failed: No module named 'pyspiel'
    nb_haideptry_2965 vs A                           s53:    72,756 :    80,492  ['DONE', 'DONE']
Loading environment open_spiel_env failed: No module named 'pyspiel'
    nb_haideptry_2965 vs A                           s97:    60,542 :    60,620  ['DONE', 'DONE']
Loading environment open_spiel_env failed: No module named 'pyspiel'
    nb_leoprovorov_forecast vs A                     s11:    80,604 :    81,431  ['DONE', 'DONE']
Loading environment open_spiel_env failed: No module named 'pyspiel'
    nb_leoprovorov_forecast vs A                     s29:    93,014 :    95,597  ['DONE', 'DONE']
Loading environment open_spiel_env failed: No module named 'pyspiel'
    nb_leoprovorov_forecast vs A                     s97:    60,128 :    62,085  ['DONE', 'DONE']
Loading environment open_spiel_env failed: No module named 'pyspiel'
    nb_leoprovorov_forecast vs A                     s53:    72,971 :    80,200  ['DONE', 'DONE']
    nb_dmitrii_herdsafe_2700 vs A                    s11:    80,390 :    81,652  ['DONE', 'DONE']
Loading environment open_spiel_env failed: No module named 'pyspiel'
Loading environment open_spiel_env failed: No module named 'pyspiel'
    nb_dmitrii_herdsafe_2700 vs A                    s29:    92,714 :    95,677  ['DONE', 'DONE']
Loading environment open_spiel_env failed: No module named 'pyspiel'
    nb_dmitrii_herdsafe_2700 vs A                    s97:    59,799 :    61,882  ['DONE', 'DONE']
Loading environment open_spiel_env failed: No module named 'pyspiel'
    nb_dmitrii_herdsafe_2700 vs A                    s53:    72,667 :    80,587  ['DONE', 'DONE']
Loading environment open_spiel_env failed: No module named 'pyspiel'
    nb_ahmed_v55 vs A                                s97:    59,810 :    61,674  ['DONE', 'DONE']
Loading environment open_spiel_env failed: No module named 'pyspiel'
    nb_ahmed_v55 vs A                                s29:    93,205 :    97,020  ['DONE', 'DONE']
Loading environment open_spiel_env failed: No module named 'pyspiel'
    nb_ahmed_v55 vs A                                s11:    80,294 :    81,815  ['DONE', 'DONE']
Loading environment open_spiel_env failed: No module named 'pyspiel'
    nb_ahmed_v55 vs A                                s53:    72,899 :    80,963  ['DONE', 'DONE']
Loading environment open_spiel_env failed: No module named 'pyspiel'
    live_H2 vs A                                     s29:    92,878 :    98,857  ['DONE', 'DONE']
Loading environment open_spiel_env failed: No module named 'pyspiel'
    live_H2 vs A                                     s97:    52,592 :    59,938  ['DONE', 'DONE']
    live_H2 vs A                                     s11:    78,217 :    81,826  ['DONE', 'DONE']
Loading environment open_spiel_env failed: No module named 'pyspiel'
    live_H2 vs nb_haideptry_shepherds                s29:    93,848 :    98,074  ['DONE', 'DONE']
Loading environment open_spiel_env failed: No module named 'pyspiel'
Loading environment open_spiel_env failed: No module named 'pyspiel'
    live_H2 vs A                                     s53:    72,399 :    78,798  ['DONE', 'DONE']
    live_H2 vs nb_haideptry_shepherds                s11:    78,706 :    82,590  ['DONE', 'DONE']
Loading environment open_spiel_env failed: No module named 'pyspiel'
Loading environment open_spiel_env failed: No module named 'pyspiel'
    live_H2 vs nb_haideptry_shepherds                s53:    72,607 :    78,986  ['DONE', 'DONE']
Loading environment open_spiel_env failed: No module named 'pyspiel'
    live_H2 vs nb_haideptry_shepherds                s97:    53,514 :    61,176  ['DONE', 'DONE']
Loading environment open_spiel_env failed: No module named 'pyspiel'
    live_H2 vs nb_dmitrii_herdsafe_2700              s11:    78,727 :    82,799  ['DONE', 'DONE']
Loading environment open_spiel_env failed: No module named 'pyspiel'
    live_H2 vs nb_dmitrii_herdsafe_2700              s29:    93,880 :    97,912  ['DONE', 'DONE']
Loading environment open_spiel_env failed: No module named 'pyspiel'
    live_H2 vs nb_ahmed_v55                          s11:    98,691 :   104,775  ['DONE', 'DONE']
    live_H2 vs nb_dmitrii_herdsafe_2700              s53:    72,706 :    78,963  ['DONE', 'DONE']Loading environment open_spiel_env failed: No module named 'pyspiel'

    live_H2 vs nb_dmitrii_herdsafe_2700              s97:    53,516 :    60,966  ['DONE', 'DONE']
Loading environment open_spiel_env failed: No module named 'pyspiel'
    live_H2 vs nb_ahmed_v55                          s29:    96,882 :    99,847  ['DONE', 'DONE']
Loading environment open_spiel_env failed: No module named 'pyspiel'
Loading environment open_spiel_env failed: No module named 'pyspiel'
    live_H2 vs nb_ahmed_v55                          s97:    73,606 :    84,286  ['DONE', 'DONE']
Loading environment open_spiel_env failed: No module named 'pyspiel'
    live_H2 vs nb_ahmed_v55                          s53:    87,378 :    92,986  ['DONE', 'DONE']

  standings (this tourney):
   1. L_front                         51/56    91%  mean    79,852  margin    +3,379  errors 0
   2. A                               45/56    80%  mean    79,649  margin    +2,968  errors 0
   3. nb_haideptry_shepherds          36/56    64%  mean    78,479  margin      +289  errors 0
   4. nb_haideptry_2965               33/56    59%  mean    80,788  margin      +673  errors 0
   5. nb_leoprovorov_forecast         29/56    52%  mean    78,367  margin      +192  errors 0
   6. nb_dmitrii_herdsafe_2700        19/56    34%  mean    77,885  margin      -697  errors 0
   7. nb_ahmed_v55                    11/56    20%  mean    79,962  margin    -1,100  errors 0
   8. live_H2                          0/56     0%  mean    78,660  margin    -5,705  errors 0
