  12 games (1 pairs x 6 seeds x 2 seats) on 6 workers
Loading environment open_spiel_env failed: No module named 'pyspiel'
    nb_tetsutani_demand vs nb_tetsutani_mirror       s97:    60,710 :    60,710  ['DONE', 'DONE']
Loading environment open_spiel_env failed: No module named 'pyspiel'
    nb_tetsutani_demand vs nb_tetsutani_mirror       s173:    70,856 :    70,856  ['DONE', 'DONE']
Loading environment open_spiel_env failed: No module named 'pyspiel'
    nb_tetsutani_demand vs nb_tetsutani_mirror       s29:    94,297 :    94,297  ['DONE', 'DONE']
Loading environment open_spiel_env failed: No module named 'pyspiel'
    nb_tetsutani_demand vs nb_tetsutani_mirror       s11:    81,429 :    82,151  ['DONE', 'DONE']
Loading environment open_spiel_env failed: No module named 'pyspiel'
    nb_tetsutani_demand vs nb_tetsutani_mirror       s53:    77,955 :    77,955  ['DONE', 'DONE']
Loading environment open_spiel_env failed: No module named 'pyspiel'
    nb_tetsutani_demand vs nb_tetsutani_mirror       s131:   105,028 :   105,028  ['DONE', 'DONE']
Loading environment open_spiel_env failed: No module named 'pyspiel'
    nb_tetsutani_mirror vs nb_tetsutani_demand       s97:    60,710 :    60,710  ['DONE', 'DONE']
Loading environment open_spiel_env failed: No module named 'pyspiel'
    nb_tetsutani_mirror vs nb_tetsutani_demand       s29:    94,297 :    94,297  ['DONE', 'DONE']
Loading environment open_spiel_env failed: No module named 'pyspiel'
    nb_tetsutani_mirror vs nb_tetsutani_demand       s11:    81,429 :    82,151  ['DONE', 'DONE']
Loading environment open_spiel_env failed: No module named 'pyspiel'
    nb_tetsutani_mirror vs nb_tetsutani_demand       s53:    77,955 :    77,955  ['DONE', 'DONE']
Loading environment open_spiel_env failed: No module named 'pyspiel'
    nb_tetsutani_mirror vs nb_tetsutani_demand       s173:    70,856 :    70,856  ['DONE', 'DONE']
Loading environment open_spiel_env failed: No module named 'pyspiel'
    nb_tetsutani_mirror vs nb_tetsutani_demand       s131:   105,028 :   105,028  ['DONE', 'DONE']

  standings (this tourney):
   1. nb_tetsutani_demand              1/12     8%  mean    81,773  margin        +0  errors 0
   2. nb_tetsutani_mirror              1/12     8%  mean    81,773  margin        +0  errors 0
