  L: 10/45 in 12s
  L: 20/45 in 26s
  L: 30/45 in 40s
  L: 40/45 in 52s
L: 43 new games written, 45 in set, 57s
  A: 10/103 in 15s
  A: 20/103 in 32s
  A: 30/103 in 48s
  A: 40/103 in 65s
  A: 50/103 in 81s
  A: 60/103 in 96s
  A: 70/103 in 111s
  A: 80/103 in 126s
  A: 90/103 in 140s
  A: 100/103 in 154s
A: 103 new games written, 103 in set, 158s
  top30: 10/204 in 17s
  top30: 20/204 in 31s
  top30: 30/204 in 46s
  top30: 40/204 in 61s
  top30: 50/204 in 77s
  top30: 60/204 in 94s
  top30: 70/204 in 112s
  top30: 80/204 in 128s
  top30: 90/204 in 145s
  top30: 100/204 in 162s
  top30: 110/204 in 176s
  top30: 120/204 in 191s
  top30: 130/204 in 209s
  top30: 140/204 in 226s
  top30: 150/204 in 245s
  top30: 160/204 in 264s
  top30: 170/204 in 283s
  top30: 180/204 in 301s
  top30: 190/204 in 319s
  top30: 200/204 in 337s
top30: 204 new games written, 204 in set, 344s
