135 recorded games from 135 teams rated 2600-2900; 5 agents; 675 games to play
Loading environment open_spiel_env failed: No module named 'pyspiel'
Loading environment open_spiel_env failed: No module named 'pyspiel'
Loading environment open_spiel_env failed: No module named 'pyspiel'
Loading environment open_spiel_env failed: No module named 'pyspiel'
Loading environment open_spiel_env failed: No module named 'pyspiel'
Loading environment open_spiel_env failed: No module named 'pyspiel'
Loading environment open_spiel_env failed: No module named 'pyspiel'
Loading environment open_spiel_env failed: No module named 'pyspiel'
Loading environment open_spiel_env failed: No module named 'pyspiel'
Loading environment open_spiel_env failed: No module named 'pyspiel'
Loading environment open_spiel_env failed: No module named 'pyspiel'
Loading environment open_spiel_env failed: No module named 'pyspiel'
Loading environment open_spiel_env failed: No module named 'pyspiel'
Loading environment open_spiel_env failed: No module named 'pyspiel'
Loading environment open_spiel_env failed: No module named 'pyspiel'
Loading environment open_spiel_env failed: No module named 'pyspiel'
Loading environment open_spiel_env failed: No module named 'pyspiel'
Loading environment open_spiel_env failed: No module named 'pyspiel'
Loading environment open_spiel_env failed: No module named 'pyspiel'
Loading environment open_spiel_env failed: No module named 'pyspiel'
Loading environment open_spiel_env failed: No module named 'pyspiel'
Loading environment open_spiel_env failed: No module named 'pyspiel'
Loading environment open_spiel_env failed: No module named 'pyspiel'
Loading environment open_spiel_env failed: No module named 'pyspiel'
  25/675 played
Loading environment open_spiel_env failed: No module named 'pyspiel'
Loading environment open_spiel_env failed: No module named 'pyspiel'
Loading environment open_spiel_env failed: No module named 'pyspiel'
Loading environment open_spiel_env failed: No module named 'pyspiel'
Loading environment open_spiel_env failed: No module named 'pyspiel'
Loading environment open_spiel_env failed: No module named 'pyspiel'
Loading environment open_spiel_env failed: No module named 'pyspiel'
Loading environment open_spiel_env failed: No module named 'pyspiel'
Loading environment open_spiel_env failed: No module named 'pyspiel'
Loading environment open_spiel_env failed: No module named 'pyspiel'
Loading environment open_spiel_env failed: No module named 'pyspiel'
Loading environment open_spiel_env failed: No module named 'pyspiel'
Loading environment open_spiel_env failed: No module named 'pyspiel'
Loading environment open_spiel_env failed: No module named 'pyspiel'
Loading environment open_spiel_env failed: No module named 'pyspiel'
Loading environment open_spiel_env failed: No module named 'pyspiel'
Loading environment open_spiel_env failed: No module named 'pyspiel'
Loading environment open_spiel_env failed: No module named 'pyspiel'
Loading environment open_spiel_env failed: No module named 'pyspiel'
Loading environment open_spiel_env failed: No module named 'pyspiel'
Loading environment open_spiel_env failed: No module named 'pyspiel'
Loading environment open_spiel_env failed: No module named 'pyspiel'
Loading environment open_spiel_env failed: No module named 'pyspiel'
Loading environment open_spiel_env failed: No module named 'pyspiel'
Loading environment open_spiel_env failed: No module named 'pyspiel'
Loading environment open_spiel_env failed: No module named 'pyspiel'
  50/675 played
Loading environment open_spiel_env failed: No module named 'pyspiel'
Loading environment open_spiel_env failed: No module named 'pyspiel'
Loading environment open_spiel_env failed: No module named 'pyspiel'
Loading environment open_spiel_env failed: No module named 'pyspiel'
Loading environment open_spiel_env failed: No module named 'pyspiel'
Loading environment open_spiel_env failed: No module named 'pyspiel'
Loading environment open_spiel_env failed: No module named 'pyspiel'
Loading environment open_spiel_env failed: No module named 'pyspiel'
Loading environment open_spiel_env failed: No module named 'pyspiel'
Loading environment open_spiel_env failed: No module named 'pyspiel'
Loading environment open_spiel_env failed: No module named 'pyspiel'
Loading environment open_spiel_env failed: No module named 'pyspiel'
Loading environment open_spiel_env failed: No module named 'pyspiel'
Loading environment open_spiel_env failed: No module named 'pyspiel'
Loading environment open_spiel_env failed: No module named 'pyspiel'
Loading environment open_spiel_env failed: No module named 'pyspiel'
Loading environment open_spiel_env failed: No module named 'pyspiel'
Loading environment open_spiel_env failed: No module named 'pyspiel'
Loading environment open_spiel_env failed: No module named 'pyspiel'
Loading environment open_spiel_env failed: No module named 'pyspiel'
Loading environment open_spiel_env failed: No module named 'pyspiel'
Loading environment open_spiel_env failed: No module named 'pyspiel'
Loading environment open_spiel_env failed: No module named 'pyspiel'
Loading environment open_spiel_env failed: No module named 'pyspiel'
Loading environment open_spiel_env failed: No module named 'pyspiel'
  75/675 played
Loading environment open_spiel_env failed: No module named 'pyspiel'
Loading environment open_spiel_env failed: No module named 'pyspiel'
Loading environment open_spiel_env failed: No module named 'pyspiel'
Loading environment open_spiel_env failed: No module named 'pyspiel'
Loading environment open_spiel_env failed: No module named 'pyspiel'
Loading environment open_spiel_env failed: No module named 'pyspiel'
Loading environment open_spiel_env failed: No module named 'pyspiel'
Loading environment open_spiel_env failed: No module named 'pyspiel'
Loading environment open_spiel_env failed: No module named 'pyspiel'
Loading environment open_spiel_env failed: No module named 'pyspiel'
Loading environment open_spiel_env failed: No module named 'pyspiel'
Loading environment open_spiel_env failed: No module named 'pyspiel'
Loading environment open_spiel_env failed: No module named 'pyspiel'
Loading environment open_spiel_env failed: No module named 'pyspiel'
Loading environment open_spiel_env failed: No module named 'pyspiel'
Loading environment open_spiel_env failed: No module named 'pyspiel'
Loading environment open_spiel_env failed: No module named 'pyspiel'
Loading environment open_spiel_env failed: No module named 'pyspiel'
Loading environment open_spiel_env failed: No module named 'pyspiel'
Loading environment open_spiel_env failed: No module named 'pyspiel'
Loading environment open_spiel_env failed: No module named 'pyspiel'
Loading environment open_spiel_env failed: No module named 'pyspiel'
Loading environment open_spiel_env failed: No module named 'pyspiel'
Loading environment open_spiel_env failed: No module named 'pyspiel'
Loading environment open_spiel_env failed: No module named 'pyspiel'
  100/675 played
Loading environment open_spiel_env failed: No module named 'pyspiel'
Loading environment open_spiel_env failed: No module named 'pyspiel'
Loading environment open_spiel_env failed: No module named 'pyspiel'
Loading environment open_spiel_env failed: No module named 'pyspiel'
Loading environment open_spiel_env failed: No module named 'pyspiel'
Loading environment open_spiel_env failed: No module named 'pyspiel'
Loading environment open_spiel_env failed: No module named 'pyspiel'
Loading environment open_spiel_env failed: No module named 'pyspiel'
Loading environment open_spiel_env failed: No module named 'pyspiel'
Loading environment open_spiel_env failed: No module named 'pyspiel'
Loading environment open_spiel_env failed: No module named 'pyspiel'
Loading environment open_spiel_env failed: No module named 'pyspiel'
Loading environment open_spiel_env failed: No module named 'pyspiel'
Loading environment open_spiel_env failed: No module named 'pyspiel'
Loading environment open_spiel_env failed: No module named 'pyspiel'
Loading environment open_spiel_env failed: No module named 'pyspiel'
Loading environment open_spiel_env failed: No module named 'pyspiel'
Loading environment open_spiel_env failed: No module named 'pyspiel'
Loading environment open_spiel_env failed: No module named 'pyspiel'
Loading environment open_spiel_env failed: No module named 'pyspiel'
Loading environment open_spiel_env failed: No module named 'pyspiel'
Loading environment open_spiel_env failed: No module named 'pyspiel'
Loading environment open_spiel_env failed: No module named 'pyspiel'
Loading environment open_spiel_env failed: No module named 'pyspiel'
Loading environment open_spiel_env failed: No module named 'pyspiel'
  125/675 played
Loading environment open_spiel_env failed: No module named 'pyspiel'
Loading environment open_spiel_env failed: No module named 'pyspiel'
Loading environment open_spiel_env failed: No module named 'pyspiel'
Loading environment open_spiel_env failed: No module named 'pyspiel'
Loading environment open_spiel_env failed: No module named 'pyspiel'
Loading environment open_spiel_env failed: No module named 'pyspiel'
Loading environment open_spiel_env failed: No module named 'pyspiel'
Loading environment open_spiel_env failed: No module named 'pyspiel'
Loading environment open_spiel_env failed: No module named 'pyspiel'
Loading environment open_spiel_env failed: No module named 'pyspiel'
Loading environment open_spiel_env failed: No module named 'pyspiel'
Loading environment open_spiel_env failed: No module named 'pyspiel'
Loading environment open_spiel_env failed: No module named 'pyspiel'
Loading environment open_spiel_env failed: No module named 'pyspiel'
Loading environment open_spiel_env failed: No module named 'pyspiel'
Loading environment open_spiel_env failed: No module named 'pyspiel'
Loading environment open_spiel_env failed: No module named 'pyspiel'
Loading environment open_spiel_env failed: No module named 'pyspiel'
Loading environment open_spiel_env failed: No module named 'pyspiel'
Loading environment open_spiel_env failed: No module named 'pyspiel'
Loading environment open_spiel_env failed: No module named 'pyspiel'
Loading environment open_spiel_env failed: No module named 'pyspiel'
Loading environment open_spiel_env failed: No module named 'pyspiel'
Loading environment open_spiel_env failed: No module named 'pyspiel'
Loading environment open_spiel_env failed: No module named 'pyspiel'
  150/675 played
Loading environment open_spiel_env failed: No module named 'pyspiel'
Loading environment open_spiel_env failed: No module named 'pyspiel'
Loading environment open_spiel_env failed: No module named 'pyspiel'
Loading environment open_spiel_env failed: No module named 'pyspiel'
Loading environment open_spiel_env failed: No module named 'pyspiel'
Loading environment open_spiel_env failed: No module named 'pyspiel'
Loading environment open_spiel_env failed: No module named 'pyspiel'
Loading environment open_spiel_env failed: No module named 'pyspiel'
Loading environment open_spiel_env failed: No module named 'pyspiel'
Loading environment open_spiel_env failed: No module named 'pyspiel'
Loading environment open_spiel_env failed: No module named 'pyspiel'
Loading environment open_spiel_env failed: No module named 'pyspiel'
Loading environment open_spiel_env failed: No module named 'pyspiel'
Loading environment open_spiel_env failed: No module named 'pyspiel'
Loading environment open_spiel_env failed: No module named 'pyspiel'
Loading environment open_spiel_env failed: No module named 'pyspiel'
Loading environment open_spiel_env failed: No module named 'pyspiel'
Loading environment open_spiel_env failed: No module named 'pyspiel'
Loading environment open_spiel_env failed: No module named 'pyspiel'
Loading environment open_spiel_env failed: No module named 'pyspiel'
Loading environment open_spiel_env failed: No module named 'pyspiel'
Loading environment open_spiel_env failed: No module named 'pyspiel'
Loading environment open_spiel_env failed: No module named 'pyspiel'
Loading environment open_spiel_env failed: No module named 'pyspiel'
Loading environment open_spiel_env failed: No module named 'pyspiel'
  175/675 played
Loading environment open_spiel_env failed: No module named 'pyspiel'
Loading environment open_spiel_env failed: No module named 'pyspiel'
Loading environment open_spiel_env failed: No module named 'pyspiel'
Loading environment open_spiel_env failed: No module named 'pyspiel'
Loading environment open_spiel_env failed: No module named 'pyspiel'
Loading environment open_spiel_env failed: No module named 'pyspiel'
Loading environment open_spiel_env failed: No module named 'pyspiel'
Loading environment open_spiel_env failed: No module named 'pyspiel'
Loading environment open_spiel_env failed: No module named 'pyspiel'
Loading environment open_spiel_env failed: No module named 'pyspiel'
Loading environment open_spiel_env failed: No module named 'pyspiel'
Loading environment open_spiel_env failed: No module named 'pyspiel'
Loading environment open_spiel_env failed: No module named 'pyspiel'
Loading environment open_spiel_env failed: No module named 'pyspiel'
Loading environment open_spiel_env failed: No module named 'pyspiel'
Loading environment open_spiel_env failed: No module named 'pyspiel'
Loading environment open_spiel_env failed: No module named 'pyspiel'
Loading environment open_spiel_env failed: No module named 'pyspiel'
Loading environment open_spiel_env failed: No module named 'pyspiel'
Loading environment open_spiel_env failed: No module named 'pyspiel'
Loading environment open_spiel_env failed: No module named 'pyspiel'
Loading environment open_spiel_env failed: No module named 'pyspiel'
Loading environment open_spiel_env failed: No module named 'pyspiel'
Loading environment open_spiel_env failed: No module named 'pyspiel'
Loading environment open_spiel_env failed: No module named 'pyspiel'
  200/675 played
Loading environment open_spiel_env failed: No module named 'pyspiel'
Loading environment open_spiel_env failed: No module named 'pyspiel'
Loading environment open_spiel_env failed: No module named 'pyspiel'
Loading environment open_spiel_env failed: No module named 'pyspiel'
Loading environment open_spiel_env failed: No module named 'pyspiel'
Loading environment open_spiel_env failed: No module named 'pyspiel'
Loading environment open_spiel_env failed: No module named 'pyspiel'
Loading environment open_spiel_env failed: No module named 'pyspiel'
Loading environment open_spiel_env failed: No module named 'pyspiel'
Loading environment open_spiel_env failed: No module named 'pyspiel'
Loading environment open_spiel_env failed: No module named 'pyspiel'
Loading environment open_spiel_env failed: No module named 'pyspiel'
Loading environment open_spiel_env failed: No module named 'pyspiel'
Loading environment open_spiel_env failed: No module named 'pyspiel'
Loading environment open_spiel_env failed: No module named 'pyspiel'
Loading environment open_spiel_env failed: No module named 'pyspiel'
Loading environment open_spiel_env failed: No module named 'pyspiel'
Loading environment open_spiel_env failed: No module named 'pyspiel'
Loading environment open_spiel_env failed: No module named 'pyspiel'
Loading environment open_spiel_env failed: No module named 'pyspiel'
Loading environment open_spiel_env failed: No module named 'pyspiel'
Loading environment open_spiel_env failed: No module named 'pyspiel'
Loading environment open_spiel_env failed: No module named 'pyspiel'
Loading environment open_spiel_env failed: No module named 'pyspiel'
Loading environment open_spiel_env failed: No module named 'pyspiel'
  225/675 played
Loading environment open_spiel_env failed: No module named 'pyspiel'
Loading environment open_spiel_env failed: No module named 'pyspiel'
Loading environment open_spiel_env failed: No module named 'pyspiel'
Loading environment open_spiel_env failed: No module named 'pyspiel'
Loading environment open_spiel_env failed: No module named 'pyspiel'
Loading environment open_spiel_env failed: No module named 'pyspiel'
Loading environment open_spiel_env failed: No module named 'pyspiel'
Loading environment open_spiel_env failed: No module named 'pyspiel'
Loading environment open_spiel_env failed: No module named 'pyspiel'
Loading environment open_spiel_env failed: No module named 'pyspiel'
Loading environment open_spiel_env failed: No module named 'pyspiel'
Loading environment open_spiel_env failed: No module named 'pyspiel'
Loading environment open_spiel_env failed: No module named 'pyspiel'
Loading environment open_spiel_env failed: No module named 'pyspiel'
Loading environment open_spiel_env failed: No module named 'pyspiel'
Loading environment open_spiel_env failed: No module named 'pyspiel'
Loading environment open_spiel_env failed: No module named 'pyspiel'
Loading environment open_spiel_env failed: No module named 'pyspiel'
Loading environment open_spiel_env failed: No module named 'pyspiel'
Loading environment open_spiel_env failed: No module named 'pyspiel'
Loading environment open_spiel_env failed: No module named 'pyspiel'
Loading environment open_spiel_env failed: No module named 'pyspiel'
Loading environment open_spiel_env failed: No module named 'pyspiel'
Loading environment open_spiel_env failed: No module named 'pyspiel'
Loading environment open_spiel_env failed: No module named 'pyspiel'
  250/675 played
Loading environment open_spiel_env failed: No module named 'pyspiel'
Loading environment open_spiel_env failed: No module named 'pyspiel'
Loading environment open_spiel_env failed: No module named 'pyspiel'
Loading environment open_spiel_env failed: No module named 'pyspiel'
Loading environment open_spiel_env failed: No module named 'pyspiel'
Loading environment open_spiel_env failed: No module named 'pyspiel'
Loading environment open_spiel_env failed: No module named 'pyspiel'
Loading environment open_spiel_env failed: No module named 'pyspiel'
Loading environment open_spiel_env failed: No module named 'pyspiel'
Loading environment open_spiel_env failed: No module named 'pyspiel'
Loading environment open_spiel_env failed: No module named 'pyspiel'
Loading environment open_spiel_env failed: No module named 'pyspiel'
Loading environment open_spiel_env failed: No module named 'pyspiel'
Loading environment open_spiel_env failed: No module named 'pyspiel'
Loading environment open_spiel_env failed: No module named 'pyspiel'
Loading environment open_spiel_env failed: No module named 'pyspiel'
Loading environment open_spiel_env failed: No module named 'pyspiel'
Loading environment open_spiel_env failed: No module named 'pyspiel'
Loading environment open_spiel_env failed: No module named 'pyspiel'
Loading environment open_spiel_env failed: No module named 'pyspiel'
Loading environment open_spiel_env failed: No module named 'pyspiel'
Loading environment open_spiel_env failed: No module named 'pyspiel'
Loading environment open_spiel_env failed: No module named 'pyspiel'
Loading environment open_spiel_env failed: No module named 'pyspiel'
Loading environment open_spiel_env failed: No module named 'pyspiel'
  275/675 played
Loading environment open_spiel_env failed: No module named 'pyspiel'
Loading environment open_spiel_env failed: No module named 'pyspiel'
Loading environment open_spiel_env failed: No module named 'pyspiel'
Loading environment open_spiel_env failed: No module named 'pyspiel'
Loading environment open_spiel_env failed: No module named 'pyspiel'
Loading environment open_spiel_env failed: No module named 'pyspiel'
Loading environment open_spiel_env failed: No module named 'pyspiel'
Loading environment open_spiel_env failed: No module named 'pyspiel'
Loading environment open_spiel_env failed: No module named 'pyspiel'
Loading environment open_spiel_env failed: No module named 'pyspiel'
Loading environment open_spiel_env failed: No module named 'pyspiel'
Loading environment open_spiel_env failed: No module named 'pyspiel'
Loading environment open_spiel_env failed: No module named 'pyspiel'
Loading environment open_spiel_env failed: No module named 'pyspiel'
Loading environment open_spiel_env failed: No module named 'pyspiel'
Loading environment open_spiel_env failed: No module named 'pyspiel'
Loading environment open_spiel_env failed: No module named 'pyspiel'
Loading environment open_spiel_env failed: No module named 'pyspiel'
Loading environment open_spiel_env failed: No module named 'pyspiel'
Loading environment open_spiel_env failed: No module named 'pyspiel'
Loading environment open_spiel_env failed: No module named 'pyspiel'
Loading environment open_spiel_env failed: No module named 'pyspiel'
Loading environment open_spiel_env failed: No module named 'pyspiel'
Loading environment open_spiel_env failed: No module named 'pyspiel'
Loading environment open_spiel_env failed: No module named 'pyspiel'
  300/675 played
Loading environment open_spiel_env failed: No module named 'pyspiel'
Loading environment open_spiel_env failed: No module named 'pyspiel'
Loading environment open_spiel_env failed: No module named 'pyspiel'
Loading environment open_spiel_env failed: No module named 'pyspiel'
Loading environment open_spiel_env failed: No module named 'pyspiel'
Loading environment open_spiel_env failed: No module named 'pyspiel'
Loading environment open_spiel_env failed: No module named 'pyspiel'
Loading environment open_spiel_env failed: No module named 'pyspiel'
Loading environment open_spiel_env failed: No module named 'pyspiel'
Loading environment open_spiel_env failed: No module named 'pyspiel'
Loading environment open_spiel_env failed: No module named 'pyspiel'
Loading environment open_spiel_env failed: No module named 'pyspiel'
Loading environment open_spiel_env failed: No module named 'pyspiel'
Loading environment open_spiel_env failed: No module named 'pyspiel'
Loading environment open_spiel_env failed: No module named 'pyspiel'
Loading environment open_spiel_env failed: No module named 'pyspiel'
Loading environment open_spiel_env failed: No module named 'pyspiel'
Loading environment open_spiel_env failed: No module named 'pyspiel'
Loading environment open_spiel_env failed: No module named 'pyspiel'
Loading environment open_spiel_env failed: No module named 'pyspiel'
Loading environment open_spiel_env failed: No module named 'pyspiel'
Loading environment open_spiel_env failed: No module named 'pyspiel'
Loading environment open_spiel_env failed: No module named 'pyspiel'
Loading environment open_spiel_env failed: No module named 'pyspiel'
Loading environment open_spiel_env failed: No module named 'pyspiel'
  325/675 played
Loading environment open_spiel_env failed: No module named 'pyspiel'
Loading environment open_spiel_env failed: No module named 'pyspiel'
Loading environment open_spiel_env failed: No module named 'pyspiel'
Loading environment open_spiel_env failed: No module named 'pyspiel'
Loading environment open_spiel_env failed: No module named 'pyspiel'
Loading environment open_spiel_env failed: No module named 'pyspiel'
Loading environment open_spiel_env failed: No module named 'pyspiel'
Loading environment open_spiel_env failed: No module named 'pyspiel'
Loading environment open_spiel_env failed: No module named 'pyspiel'
Loading environment open_spiel_env failed: No module named 'pyspiel'
Loading environment open_spiel_env failed: No module named 'pyspiel'
Loading environment open_spiel_env failed: No module named 'pyspiel'
Loading environment open_spiel_env failed: No module named 'pyspiel'
Loading environment open_spiel_env failed: No module named 'pyspiel'
Loading environment open_spiel_env failed: No module named 'pyspiel'
Loading environment open_spiel_env failed: No module named 'pyspiel'
Loading environment open_spiel_env failed: No module named 'pyspiel'
Loading environment open_spiel_env failed: No module named 'pyspiel'
Loading environment open_spiel_env failed: No module named 'pyspiel'
Loading environment open_spiel_env failed: No module named 'pyspiel'
Loading environment open_spiel_env failed: No module named 'pyspiel'
Loading environment open_spiel_env failed: No module named 'pyspiel'
Loading environment open_spiel_env failed: No module named 'pyspiel'
Loading environment open_spiel_env failed: No module named 'pyspiel'
Loading environment open_spiel_env failed: No module named 'pyspiel'
  350/675 played
Loading environment open_spiel_env failed: No module named 'pyspiel'
Loading environment open_spiel_env failed: No module named 'pyspiel'
Loading environment open_spiel_env failed: No module named 'pyspiel'
Loading environment open_spiel_env failed: No module named 'pyspiel'
Loading environment open_spiel_env failed: No module named 'pyspiel'
Loading environment open_spiel_env failed: No module named 'pyspiel'
Loading environment open_spiel_env failed: No module named 'pyspiel'
Loading environment open_spiel_env failed: No module named 'pyspiel'
Loading environment open_spiel_env failed: No module named 'pyspiel'
Loading environment open_spiel_env failed: No module named 'pyspiel'
Loading environment open_spiel_env failed: No module named 'pyspiel'
Loading environment open_spiel_env failed: No module named 'pyspiel'
Loading environment open_spiel_env failed: No module named 'pyspiel'
Loading environment open_spiel_env failed: No module named 'pyspiel'
Loading environment open_spiel_env failed: No module named 'pyspiel'
Loading environment open_spiel_env failed: No module named 'pyspiel'
Loading environment open_spiel_env failed: No module named 'pyspiel'
Loading environment open_spiel_env failed: No module named 'pyspiel'
Loading environment open_spiel_env failed: No module named 'pyspiel'
Loading environment open_spiel_env failed: No module named 'pyspiel'
Loading environment open_spiel_env failed: No module named 'pyspiel'
Loading environment open_spiel_env failed: No module named 'pyspiel'
Loading environment open_spiel_env failed: No module named 'pyspiel'
Loading environment open_spiel_env failed: No module named 'pyspiel'
Loading environment open_spiel_env failed: No module named 'pyspiel'
  375/675 played
Loading environment open_spiel_env failed: No module named 'pyspiel'
Loading environment open_spiel_env failed: No module named 'pyspiel'
Loading environment open_spiel_env failed: No module named 'pyspiel'
Loading environment open_spiel_env failed: No module named 'pyspiel'
Loading environment open_spiel_env failed: No module named 'pyspiel'
Loading environment open_spiel_env failed: No module named 'pyspiel'
Loading environment open_spiel_env failed: No module named 'pyspiel'
Loading environment open_spiel_env failed: No module named 'pyspiel'
Loading environment open_spiel_env failed: No module named 'pyspiel'
Loading environment open_spiel_env failed: No module named 'pyspiel'
Loading environment open_spiel_env failed: No module named 'pyspiel'
Loading environment open_spiel_env failed: No module named 'pyspiel'
Loading environment open_spiel_env failed: No module named 'pyspiel'
Loading environment open_spiel_env failed: No module named 'pyspiel'
Loading environment open_spiel_env failed: No module named 'pyspiel'
Loading environment open_spiel_env failed: No module named 'pyspiel'
Loading environment open_spiel_env failed: No module named 'pyspiel'
Loading environment open_spiel_env failed: No module named 'pyspiel'
Loading environment open_spiel_env failed: No module named 'pyspiel'
Loading environment open_spiel_env failed: No module named 'pyspiel'
Loading environment open_spiel_env failed: No module named 'pyspiel'
Loading environment open_spiel_env failed: No module named 'pyspiel'
Loading environment open_spiel_env failed: No module named 'pyspiel'
Loading environment open_spiel_env failed: No module named 'pyspiel'
Loading environment open_spiel_env failed: No module named 'pyspiel'
  400/675 played
Loading environment open_spiel_env failed: No module named 'pyspiel'
Loading environment open_spiel_env failed: No module named 'pyspiel'
Loading environment open_spiel_env failed: No module named 'pyspiel'
Loading environment open_spiel_env failed: No module named 'pyspiel'
Loading environment open_spiel_env failed: No module named 'pyspiel'
Loading environment open_spiel_env failed: No module named 'pyspiel'
Loading environment open_spiel_env failed: No module named 'pyspiel'
Loading environment open_spiel_env failed: No module named 'pyspiel'
Loading environment open_spiel_env failed: No module named 'pyspiel'
Loading environment open_spiel_env failed: No module named 'pyspiel'
Loading environment open_spiel_env failed: No module named 'pyspiel'
Loading environment open_spiel_env failed: No module named 'pyspiel'
Loading environment open_spiel_env failed: No module named 'pyspiel'
Loading environment open_spiel_env failed: No module named 'pyspiel'
Loading environment open_spiel_env failed: No module named 'pyspiel'
Loading environment open_spiel_env failed: No module named 'pyspiel'
Loading environment open_spiel_env failed: No module named 'pyspiel'
Loading environment open_spiel_env failed: No module named 'pyspiel'
Loading environment open_spiel_env failed: No module named 'pyspiel'
Loading environment open_spiel_env failed: No module named 'pyspiel'
Loading environment open_spiel_env failed: No module named 'pyspiel'
Loading environment open_spiel_env failed: No module named 'pyspiel'
Loading environment open_spiel_env failed: No module named 'pyspiel'
Loading environment open_spiel_env failed: No module named 'pyspiel'
Loading environment open_spiel_env failed: No module named 'pyspiel'
  425/675 played
Loading environment open_spiel_env failed: No module named 'pyspiel'
Loading environment open_spiel_env failed: No module named 'pyspiel'
Loading environment open_spiel_env failed: No module named 'pyspiel'
Loading environment open_spiel_env failed: No module named 'pyspiel'
Loading environment open_spiel_env failed: No module named 'pyspiel'
Loading environment open_spiel_env failed: No module named 'pyspiel'
Loading environment open_spiel_env failed: No module named 'pyspiel'
Loading environment open_spiel_env failed: No module named 'pyspiel'
Loading environment open_spiel_env failed: No module named 'pyspiel'
Loading environment open_spiel_env failed: No module named 'pyspiel'
Loading environment open_spiel_env failed: No module named 'pyspiel'
Loading environment open_spiel_env failed: No module named 'pyspiel'
Loading environment open_spiel_env failed: No module named 'pyspiel'
Loading environment open_spiel_env failed: No module named 'pyspiel'
Loading environment open_spiel_env failed: No module named 'pyspiel'
Loading environment open_spiel_env failed: No module named 'pyspiel'
Loading environment open_spiel_env failed: No module named 'pyspiel'
Loading environment open_spiel_env failed: No module named 'pyspiel'
Loading environment open_spiel_env failed: No module named 'pyspiel'
Loading environment open_spiel_env failed: No module named 'pyspiel'
Loading environment open_spiel_env failed: No module named 'pyspiel'
Loading environment open_spiel_env failed: No module named 'pyspiel'
Loading environment open_spiel_env failed: No module named 'pyspiel'
Loading environment open_spiel_env failed: No module named 'pyspiel'
Loading environment open_spiel_env failed: No module named 'pyspiel'
  450/675 played
Loading environment open_spiel_env failed: No module named 'pyspiel'
Loading environment open_spiel_env failed: No module named 'pyspiel'
Loading environment open_spiel_env failed: No module named 'pyspiel'
Loading environment open_spiel_env failed: No module named 'pyspiel'
Loading environment open_spiel_env failed: No module named 'pyspiel'
Loading environment open_spiel_env failed: No module named 'pyspiel'
Loading environment open_spiel_env failed: No module named 'pyspiel'
Loading environment open_spiel_env failed: No module named 'pyspiel'
Loading environment open_spiel_env failed: No module named 'pyspiel'
Loading environment open_spiel_env failed: No module named 'pyspiel'
Loading environment open_spiel_env failed: No module named 'pyspiel'
Loading environment open_spiel_env failed: No module named 'pyspiel'
Loading environment open_spiel_env failed: No module named 'pyspiel'
Loading environment open_spiel_env failed: No module named 'pyspiel'
Loading environment open_spiel_env failed: No module named 'pyspiel'
Loading environment open_spiel_env failed: No module named 'pyspiel'
Loading environment open_spiel_env failed: No module named 'pyspiel'
Loading environment open_spiel_env failed: No module named 'pyspiel'
Loading environment open_spiel_env failed: No module named 'pyspiel'
Loading environment open_spiel_env failed: No module named 'pyspiel'
Loading environment open_spiel_env failed: No module named 'pyspiel'
Loading environment open_spiel_env failed: No module named 'pyspiel'
Loading environment open_spiel_env failed: No module named 'pyspiel'
Loading environment open_spiel_env failed: No module named 'pyspiel'
  475/675 playedLoading environment open_spiel_env failed: No module named 'pyspiel'

Loading environment open_spiel_env failed: No module named 'pyspiel'
Loading environment open_spiel_env failed: No module named 'pyspiel'
Loading environment open_spiel_env failed: No module named 'pyspiel'
Loading environment open_spiel_env failed: No module named 'pyspiel'
Loading environment open_spiel_env failed: No module named 'pyspiel'
Loading environment open_spiel_env failed: No module named 'pyspiel'
Loading environment open_spiel_env failed: No module named 'pyspiel'
Loading environment open_spiel_env failed: No module named 'pyspiel'
Loading environment open_spiel_env failed: No module named 'pyspiel'
Loading environment open_spiel_env failed: No module named 'pyspiel'
Loading environment open_spiel_env failed: No module named 'pyspiel'
Loading environment open_spiel_env failed: No module named 'pyspiel'
Loading environment open_spiel_env failed: No module named 'pyspiel'
Loading environment open_spiel_env failed: No module named 'pyspiel'
Loading environment open_spiel_env failed: No module named 'pyspiel'
Loading environment open_spiel_env failed: No module named 'pyspiel'
Loading environment open_spiel_env failed: No module named 'pyspiel'
Loading environment open_spiel_env failed: No module named 'pyspiel'
Loading environment open_spiel_env failed: No module named 'pyspiel'
Loading environment open_spiel_env failed: No module named 'pyspiel'
Loading environment open_spiel_env failed: No module named 'pyspiel'
Loading environment open_spiel_env failed: No module named 'pyspiel'
Loading environment open_spiel_env failed: No module named 'pyspiel'
Loading environment open_spiel_env failed: No module named 'pyspiel'
Loading environment open_spiel_env failed: No module named 'pyspiel'
  500/675 played
Loading environment open_spiel_env failed: No module named 'pyspiel'
Loading environment open_spiel_env failed: No module named 'pyspiel'
Loading environment open_spiel_env failed: No module named 'pyspiel'
Loading environment open_spiel_env failed: No module named 'pyspiel'
Loading environment open_spiel_env failed: No module named 'pyspiel'
Loading environment open_spiel_env failed: No module named 'pyspiel'
Loading environment open_spiel_env failed: No module named 'pyspiel'
Loading environment open_spiel_env failed: No module named 'pyspiel'
Loading environment open_spiel_env failed: No module named 'pyspiel'
Loading environment open_spiel_env failed: No module named 'pyspiel'
Loading environment open_spiel_env failed: No module named 'pyspiel'
Loading environment open_spiel_env failed: No module named 'pyspiel'
Loading environment open_spiel_env failed: No module named 'pyspiel'
Loading environment open_spiel_env failed: No module named 'pyspiel'
Loading environment open_spiel_env failed: No module named 'pyspiel'
Loading environment open_spiel_env failed: No module named 'pyspiel'
Loading environment open_spiel_env failed: No module named 'pyspiel'
Loading environment open_spiel_env failed: No module named 'pyspiel'
Loading environment open_spiel_env failed: No module named 'pyspiel'
Loading environment open_spiel_env failed: No module named 'pyspiel'
Loading environment open_spiel_env failed: No module named 'pyspiel'
Loading environment open_spiel_env failed: No module named 'pyspiel'
Loading environment open_spiel_env failed: No module named 'pyspiel'
Loading environment open_spiel_env failed: No module named 'pyspiel'
Loading environment open_spiel_env failed: No module named 'pyspiel'
  525/675 played
Loading environment open_spiel_env failed: No module named 'pyspiel'
Loading environment open_spiel_env failed: No module named 'pyspiel'
Loading environment open_spiel_env failed: No module named 'pyspiel'
Loading environment open_spiel_env failed: No module named 'pyspiel'
Loading environment open_spiel_env failed: No module named 'pyspiel'
Loading environment open_spiel_env failed: No module named 'pyspiel'
Loading environment open_spiel_env failed: No module named 'pyspiel'
Loading environment open_spiel_env failed: No module named 'pyspiel'
Loading environment open_spiel_env failed: No module named 'pyspiel'
Loading environment open_spiel_env failed: No module named 'pyspiel'
Loading environment open_spiel_env failed: No module named 'pyspiel'
Loading environment open_spiel_env failed: No module named 'pyspiel'
Loading environment open_spiel_env failed: No module named 'pyspiel'
Loading environment open_spiel_env failed: No module named 'pyspiel'
Loading environment open_spiel_env failed: No module named 'pyspiel'
Loading environment open_spiel_env failed: No module named 'pyspiel'
Loading environment open_spiel_env failed: No module named 'pyspiel'
Loading environment open_spiel_env failed: No module named 'pyspiel'
Loading environment open_spiel_env failed: No module named 'pyspiel'
Loading environment open_spiel_env failed: No module named 'pyspiel'
Loading environment open_spiel_env failed: No module named 'pyspiel'
Loading environment open_spiel_env failed: No module named 'pyspiel'
Loading environment open_spiel_env failed: No module named 'pyspiel'
Loading environment open_spiel_env failed: No module named 'pyspiel'
Loading environment open_spiel_env failed: No module named 'pyspiel'
  550/675 played
Loading environment open_spiel_env failed: No module named 'pyspiel'
Loading environment open_spiel_env failed: No module named 'pyspiel'
Loading environment open_spiel_env failed: No module named 'pyspiel'
Loading environment open_spiel_env failed: No module named 'pyspiel'
Loading environment open_spiel_env failed: No module named 'pyspiel'
Loading environment open_spiel_env failed: No module named 'pyspiel'
Loading environment open_spiel_env failed: No module named 'pyspiel'
Loading environment open_spiel_env failed: No module named 'pyspiel'
Loading environment open_spiel_env failed: No module named 'pyspiel'
Loading environment open_spiel_env failed: No module named 'pyspiel'
Loading environment open_spiel_env failed: No module named 'pyspiel'
Loading environment open_spiel_env failed: No module named 'pyspiel'
Loading environment open_spiel_env failed: No module named 'pyspiel'
Loading environment open_spiel_env failed: No module named 'pyspiel'
Loading environment open_spiel_env failed: No module named 'pyspiel'
Loading environment open_spiel_env failed: No module named 'pyspiel'
Loading environment open_spiel_env failed: No module named 'pyspiel'
Loading environment open_spiel_env failed: No module named 'pyspiel'
Loading environment open_spiel_env failed: No module named 'pyspiel'
Loading environment open_spiel_env failed: No module named 'pyspiel'
Loading environment open_spiel_env failed: No module named 'pyspiel'
Loading environment open_spiel_env failed: No module named 'pyspiel'
Loading environment open_spiel_env failed: No module named 'pyspiel'
Loading environment open_spiel_env failed: No module named 'pyspiel'
Loading environment open_spiel_env failed: No module named 'pyspiel'
  575/675 played
Loading environment open_spiel_env failed: No module named 'pyspiel'
Loading environment open_spiel_env failed: No module named 'pyspiel'
Loading environment open_spiel_env failed: No module named 'pyspiel'
Loading environment open_spiel_env failed: No module named 'pyspiel'
Loading environment open_spiel_env failed: No module named 'pyspiel'
Loading environment open_spiel_env failed: No module named 'pyspiel'
Loading environment open_spiel_env failed: No module named 'pyspiel'
Loading environment open_spiel_env failed: No module named 'pyspiel'
Loading environment open_spiel_env failed: No module named 'pyspiel'
Loading environment open_spiel_env failed: No module named 'pyspiel'
Loading environment open_spiel_env failed: No module named 'pyspiel'
Loading environment open_spiel_env failed: No module named 'pyspiel'
Loading environment open_spiel_env failed: No module named 'pyspiel'
Loading environment open_spiel_env failed: No module named 'pyspiel'
Loading environment open_spiel_env failed: No module named 'pyspiel'
Loading environment open_spiel_env failed: No module named 'pyspiel'
Loading environment open_spiel_env failed: No module named 'pyspiel'
Loading environment open_spiel_env failed: No module named 'pyspiel'
Loading environment open_spiel_env failed: No module named 'pyspiel'
Loading environment open_spiel_env failed: No module named 'pyspiel'
Loading environment open_spiel_env failed: No module named 'pyspiel'
Loading environment open_spiel_env failed: No module named 'pyspiel'
Loading environment open_spiel_env failed: No module named 'pyspiel'
Loading environment open_spiel_env failed: No module named 'pyspiel'
Loading environment open_spiel_env failed: No module named 'pyspiel'
  600/675 played
Loading environment open_spiel_env failed: No module named 'pyspiel'
Loading environment open_spiel_env failed: No module named 'pyspiel'
Loading environment open_spiel_env failed: No module named 'pyspiel'
Loading environment open_spiel_env failed: No module named 'pyspiel'
Loading environment open_spiel_env failed: No module named 'pyspiel'
Loading environment open_spiel_env failed: No module named 'pyspiel'
Loading environment open_spiel_env failed: No module named 'pyspiel'
Loading environment open_spiel_env failed: No module named 'pyspiel'
Loading environment open_spiel_env failed: No module named 'pyspiel'
Loading environment open_spiel_env failed: No module named 'pyspiel'
Loading environment open_spiel_env failed: No module named 'pyspiel'
Loading environment open_spiel_env failed: No module named 'pyspiel'
Loading environment open_spiel_env failed: No module named 'pyspiel'
Loading environment open_spiel_env failed: No module named 'pyspiel'
Loading environment open_spiel_env failed: No module named 'pyspiel'
Loading environment open_spiel_env failed: No module named 'pyspiel'
Loading environment open_spiel_env failed: No module named 'pyspiel'
Loading environment open_spiel_env failed: No module named 'pyspiel'
Loading environment open_spiel_env failed: No module named 'pyspiel'
Loading environment open_spiel_env failed: No module named 'pyspiel'
Loading environment open_spiel_env failed: No module named 'pyspiel'
Loading environment open_spiel_env failed: No module named 'pyspiel'
Loading environment open_spiel_env failed: No module named 'pyspiel'
Loading environment open_spiel_env failed: No module named 'pyspiel'
Loading environment open_spiel_env failed: No module named 'pyspiel'
  625/675 played
Loading environment open_spiel_env failed: No module named 'pyspiel'
Loading environment open_spiel_env failed: No module named 'pyspiel'
Loading environment open_spiel_env failed: No module named 'pyspiel'
Loading environment open_spiel_env failed: No module named 'pyspiel'
Loading environment open_spiel_env failed: No module named 'pyspiel'
Loading environment open_spiel_env failed: No module named 'pyspiel'
Loading environment open_spiel_env failed: No module named 'pyspiel'
Loading environment open_spiel_env failed: No module named 'pyspiel'
Loading environment open_spiel_env failed: No module named 'pyspiel'
Loading environment open_spiel_env failed: No module named 'pyspiel'
Loading environment open_spiel_env failed: No module named 'pyspiel'
Loading environment open_spiel_env failed: No module named 'pyspiel'
Loading environment open_spiel_env failed: No module named 'pyspiel'
Loading environment open_spiel_env failed: No module named 'pyspiel'
Loading environment open_spiel_env failed: No module named 'pyspiel'
Loading environment open_spiel_env failed: No module named 'pyspiel'
Loading environment open_spiel_env failed: No module named 'pyspiel'
Loading environment open_spiel_env failed: No module named 'pyspiel'
Loading environment open_spiel_env failed: No module named 'pyspiel'
Loading environment open_spiel_env failed: No module named 'pyspiel'
Loading environment open_spiel_env failed: No module named 'pyspiel'
Loading environment open_spiel_env failed: No module named 'pyspiel'
Loading environment open_spiel_env failed: No module named 'pyspiel'
Loading environment open_spiel_env failed: No module named 'pyspiel'
Loading environment open_spiel_env failed: No module named 'pyspiel'
  650/675 played
Loading environment open_spiel_env failed: No module named 'pyspiel'
Loading environment open_spiel_env failed: No module named 'pyspiel'
Loading environment open_spiel_env failed: No module named 'pyspiel'
Loading environment open_spiel_env failed: No module named 'pyspiel'
Loading environment open_spiel_env failed: No module named 'pyspiel'
Loading environment open_spiel_env failed: No module named 'pyspiel'
Loading environment open_spiel_env failed: No module named 'pyspiel'
Loading environment open_spiel_env failed: No module named 'pyspiel'
Loading environment open_spiel_env failed: No module named 'pyspiel'
Loading environment open_spiel_env failed: No module named 'pyspiel'
Loading environment open_spiel_env failed: No module named 'pyspiel'
Loading environment open_spiel_env failed: No module named 'pyspiel'
Loading environment open_spiel_env failed: No module named 'pyspiel'
Loading environment open_spiel_env failed: No module named 'pyspiel'
Loading environment open_spiel_env failed: No module named 'pyspiel'
Loading environment open_spiel_env failed: No module named 'pyspiel'
Loading environment open_spiel_env failed: No module named 'pyspiel'
Loading environment open_spiel_env failed: No module named 'pyspiel'
Loading environment open_spiel_env failed: No module named 'pyspiel'
Loading environment open_spiel_env failed: No module named 'pyspiel'
Loading environment open_spiel_env failed: No module named 'pyspiel'
Loading environment open_spiel_env failed: No module named 'pyspiel'
Loading environment open_spiel_env failed: No module named 'pyspiel'
Loading environment open_spiel_env failed: No module named 'pyspiel'
Loading environment open_spiel_env failed: No module named 'pyspiel'
  675/675 played

results: C:\Users\Oyash\Desktop\Kaggriculture\rl\data\band_panel\band_2600_2900.json  (crashes: 0)

  agent        clean       won  median margin       2600-2700       2700-2800       2800-2900  drifted
  A              121   51  42%           -539     22/76   29%     19/32   59%     10/13   77%       14
  live_K         115   50  43%           -938     23/75   31%     19/29   66%      8/11   73%       20
  live_H2        115   50  43%           -938     23/75   31%     19/29   66%      8/11   73%       20
  live_C2        110   14  13%        -17,508      2/71    3%     11/30   37%      1/9    11%       25
  live_J         116    8   7%        -40,046      1/71    1%      3/31   10%      4/14   29%       19
